 main

 Timestamp is 5cc7bf86 (Mon Apr 29 22:22:46 2019)

 Preferred load address is 0000000180000000

 Start         Length     Name                   Class
 0001:00000000 00010ed0H .text$mn                CODE
 0001:00010ed0 00000020H .text$mn$00             CODE
 0001:00010ef0 00000250H .text$x                 CODE
 0002:00000000 00000260H .idata$5                DATA
 0002:00000260 00000010H .00cfg                  DATA
 0002:00000270 00000008H .CRT$XCA                DATA
 0002:00000278 00000008H .CRT$XCU                DATA
 0002:00000280 00000008H .CRT$XCZ                DATA
 0002:00000288 00000008H .CRT$XIA                DATA
 0002:00000290 00000018H .CRT$XIC                DATA
 0002:000002a8 00000008H .CRT$XIZ                DATA
 0002:000002b0 00000008H .CRT$XPA                DATA
 0002:000002b8 00000010H .CRT$XPX                DATA
 0002:000002c8 00000008H .CRT$XPXA               DATA
 0002:000002d0 00000008H .CRT$XPZ                DATA
 0002:000002d8 00000008H .CRT$XTA                DATA
 0002:000002e0 00000010H .CRT$XTZ                DATA
 0002:000002e8 00000000H .gfids$y                DATA
 0002:000002f0 00007e60H .rdata                  DATA
 0002:00008150 00000000H .rdata$r                DATA
 0002:00008150 00000388H .rdata$zzzdbg           DATA
 0002:000084d8 00000008H .rtc$IAA                DATA
 0002:000084e0 00000008H .rtc$IZZ                DATA
 0002:000084e8 00000008H .rtc$TAA                DATA
 0002:000084f0 00000008H .rtc$TZZ                DATA
 0002:000084f8 00000d70H .xdata                  DATA
 0002:00009268 00000000H .xdata$x                DATA
 0002:00009268 00000020H .didat$2                DATA
 0002:00009288 00000020H .didat$3                DATA
 0002:000092a8 00000040H .didat$4                DATA
 0002:000092e8 000000a8H .didat$6                DATA
 0002:00009390 00000040H .didat$7                DATA
 0002:000093d0 0000004cH .edata                  DATA
 0002:0000941c 00000028H .idata$2                DATA
 0002:00009444 00000014H .idata$3                DATA
 0002:00009458 00000260H .idata$4                DATA
 0002:000096b8 00000572H .idata$6                DATA
 0003:00000000 00000a78H .data                   DATA
 0003:00000a78 00000000H .data$r                 DATA
 0003:00000a78 00000048H .didat$5                DATA
 0003:00000ac0 00001210H .bss                    DATA
 0004:00000000 00001098H .pdata                  DATA
 0005:00000000 00000060H .rsrc$01                DATA
 0005:00000060 00000180H .rsrc$02                DATA

  Address         Publics by Value              Rva+Base               Lib:Object

 0000:00000000       __hybrid_code_map_count    0000000000000000     <absolute>
 0000:00000000       __hybrid_code_map          0000000000000000     <absolute>
 0000:00000000       __guard_iat_count          0000000000000000     <absolute>
 0000:00000000       __guard_longjmp_count      0000000000000000     <absolute>
 0000:00000000       __volatile_metadata        0000000000000000     <absolute>
 0000:00000000       __guard_longjmp_table      0000000000000000     <absolute>
 0000:00000000       __guard_iat_table          0000000000000000     <absolute>
 0000:00000000       __guard_fids_count         0000000000000000     <absolute>
 0000:00000000       ___safe_se_handler_count   0000000000000000     <absolute>
 0000:00000000       __enclave_config           0000000000000000     <absolute>
 0000:00000000       ___safe_se_handler_table   0000000000000000     <absolute>
 0000:00000000       __guard_fids_table         0000000000000000     <absolute>
 0000:00000000       __dynamic_value_reloc_table 0000000000000000     <absolute>
 0000:00000000       __hybrid_auxiliary_iat     0000000000000000     <absolute>
 0000:00000100       __guard_flags              0000000000000100     <absolute>
 0000:00000000       __ImageBase                0000000180000000     <linker-defined>
 0001:00000000       __local_stdio_printf_options 0000000180001000 f i main.obj
 0001:00000010       printf                     0000000180001010 f i main.obj
 0001:00000070       get_keys                   0000000180001070 f   main.obj
 0001:00000500       MyFunction                 0000000180001500 f   main.obj
 0001:00000590       Init                       0000000180001590 f   main.obj
 0001:0000067c       __imp_load_napi_create_function 000000018000167c f   node:node.exe
 0001:00000688       __tailMerge_node_exe       0000000180001688     node:node.exe
 0001:00000701       __imp_load_napi_get_value_string_utf8 0000000180001701 f   node:node.exe
 0001:0000070d       __imp_load_napi_throw_error 000000018000170d f   node:node.exe
 0001:00000719       __imp_load_napi_create_int32 0000000180001719 f   node:node.exe
 0001:00000725       __imp_load_napi_module_register 0000000180001725 f   node:node.exe
 0001:00000731       __imp_load_napi_set_named_property 0000000180001731 f   node:node.exe
 0001:0000073d       __imp_load_napi_get_cb_info 000000018000173d f   node:node.exe
 0001:00000760       __security_check_cookie    0000000180001760 f   LIBCMT:amdsecgs.obj
 0001:00000ab4       _DllMainCRTStartup         0000000180001ab4 f   LIBCMT:dll_dllmain.obj
 0001:00000af4       __raise_securityfailure    0000000180001af4 f   LIBCMT:gs_report.obj
 0001:00000b28       __report_gsfailure         0000000180001b28 f   LIBCMT:gs_report.obj
 0001:00000bfc       __report_rangecheckfailure 0000000180001bfc f   LIBCMT:gs_report.obj
 0001:00000c10       __report_securityfailure   0000000180001c10 f   LIBCMT:gs_report.obj
 0001:00000d90       __security_init_cookie     0000000180001d90 f   LIBCMT:gs_support.obj
 0001:00000e3c       _get_startup_argv_mode     0000000180001e3c f   LIBCMT:argv_mode.obj
 0001:00000e3c       DllMain                    0000000180001e3c f   LIBCMT:dll_dllmain_stub.obj
 0001:00000e44       ?__scrt_initialize_type_info@@YAXXZ 0000000180001e44 f   LIBCMT:tncleanup.obj
 0001:00000e54       ?__scrt_uninitialize_type_info@@YAXXZ 0000000180001e54 f   LIBCMT:tncleanup.obj
 0001:00000e60       __local_stdio_scanf_options 0000000180001e60 f i LIBCMT:default_local_stdio_options.obj
 0001:00000e68       __scrt_initialize_default_local_stdio_options 0000000180001e68 f   LIBCMT:default_local_stdio_options.obj
 0001:00000e84       __scrt_acquire_startup_lock 0000000180001e84 f   LIBCMT:utility.obj
 0001:00000ec0       __scrt_dllmain_after_initialize_c 0000000180001ec0 f   LIBCMT:utility.obj
 0001:00000ef4       __scrt_dllmain_before_initialize_c 0000000180001ef4 f   LIBCMT:utility.obj
 0001:00000f0c       __scrt_dllmain_crt_thread_attach 0000000180001f0c f   LIBCMT:utility.obj
 0001:00000f34       __scrt_dllmain_crt_thread_detach 0000000180001f34 f   LIBCMT:utility.obj
 0001:00000f4c       __scrt_dllmain_exception_filter 0000000180001f4c f   LIBCMT:utility.obj
 0001:00000fac       __scrt_dllmain_uninitialize_c 0000000180001fac f   LIBCMT:utility.obj
 0001:00000fdc       __scrt_dllmain_uninitialize_critical 0000000180001fdc f   LIBCMT:utility.obj
 0001:00000ff0       __scrt_initialize_crt      0000000180001ff0 f   LIBCMT:utility.obj
 0001:0000103c       __scrt_initialize_onexit_tables 000000018000203c f   LIBCMT:utility.obj
 0001:00001114       __scrt_is_nonwritable_in_current_image 0000000180002114 f   LIBCMT:utility.obj
 0001:000011b0       __scrt_release_startup_lock 00000001800021b0 f   LIBCMT:utility.obj
 0001:000011d4       __scrt_uninitialize_crt    00000001800021d4 f   LIBCMT:utility.obj
 0001:00001200       __scrt_get_dyn_tls_init_callback 0000000180002200 f   LIBCMT:dyn_tls_init.obj
 0001:00001208       __crt_debugger_hook        0000000180002208 f   LIBCMT:utility_desktop.obj
 0001:00001210       __scrt_fastfail            0000000180002210 f   LIBCMT:utility_desktop.obj
 0001:0000135c       _RTC_Initialize            000000018000235c f   LIBCMT:initsect.obj
 0001:00001398       _RTC_Terminate             0000000180002398 f   LIBCMT:initsect.obj
 0001:000013d4       _guard_check_icall_nop     00000001800023d4 f i LIBCMT:guard_support.obj
 0001:000013d8       __isa_available_init       00000001800023d8 f   LIBCMT:cpu_disp.obj
 0001:00001594       __scrt_is_ucrt_dll_in_use  0000000180002594 f   LIBCMT:ucrt_detection.obj
 0001:000015a0       __C_specific_handler       00000001800025a0 f   libvcruntime:riscchandler.obj
 0001:000017ac       __std_type_info_destroy_list 00000001800027ac f   libvcruntime:std_type_info.obj
 0001:000017d8       __vcrt_initialize          00000001800027d8 f   libvcruntime:initialization.obj
 0001:0000180c       __vcrt_thread_attach       000000018000280c f   libvcruntime:initialization.obj
 0001:00001820       __vcrt_thread_detach       0000000180002820 f   libvcruntime:initialization.obj
 0001:00001834       __vcrt_uninitialize        0000000180002834 f   libvcruntime:initialization.obj
 0001:00001854       __vcrt_uninitialize_critical 0000000180002854 f   libvcruntime:initialization.obj
 0001:00001880       memset_repmovs             0000000180002880 f   libvcruntime:memset.obj
 0001:000018a0       memset                     00000001800028a0 f   libvcruntime:memset.obj
 0001:00001a40       _NLG_Notify                0000000180002a40 f   libvcruntime:notify.obj
 0001:00001a60       __NLG_Dispatch2            0000000180002a60 f   libvcruntime:notify.obj
 0001:00001a70       __NLG_Return2              0000000180002a70 f   libvcruntime:notify.obj
 0001:00001a74       __except_validate_context_record 0000000180002a74 f   libvcruntime:jbcxrval.obj
 0001:00001aac       __DestructExceptionObject  0000000180002aac f   libvcruntime:ehhelpers.obj
 0001:00001b20       ?_CallMemberFunction0@@YAXQEAX0@Z 0000000180002b20 f i libvcruntime:ehhelpers.obj
 0001:00001b24       __vcrt_freefls             0000000180002b24 f   libvcruntime:per_thread_data.obj
 0001:00001b44       __vcrt_freeptd             0000000180002b44 f   libvcruntime:per_thread_data.obj
 0001:00001b94       __vcrt_getptd_noexit       0000000180002b94 f   libvcruntime:per_thread_data.obj
 0001:00001c60       __vcrt_initialize_ptd      0000000180002c60 f   libvcruntime:per_thread_data.obj
 0001:00001cb4       __vcrt_uninitialize_ptd    0000000180002cb4 f   libvcruntime:per_thread_data.obj
 0001:00001cd8       __vcrt_initialize_locks    0000000180002cd8 f   libvcruntime:locks.obj
 0001:00001d20       __vcrt_uninitialize_locks  0000000180002d20 f   libvcruntime:locks.obj
 0001:00001f30       __vcrt_FlsAlloc            0000000180002f30 f   libvcruntime:winapi_downlevel.obj
 0001:00001f78       __vcrt_FlsFree             0000000180002f78 f   libvcruntime:winapi_downlevel.obj
 0001:00001fc0       __vcrt_FlsGetValue         0000000180002fc0 f   libvcruntime:winapi_downlevel.obj
 0001:00002008       __vcrt_FlsSetValue         0000000180003008 f   libvcruntime:winapi_downlevel.obj
 0001:0000205c       __vcrt_InitializeCriticalSectionEx 000000018000305c f   libvcruntime:winapi_downlevel.obj
 0001:000020c0       __vcrt_initialize_winapi_thunks 00000001800030c0 f   libvcruntime:winapi_downlevel.obj
 0001:000020f0       __vcrt_uninitialize_winapi_thunks 00000001800030f0 f   libvcruntime:winapi_downlevel.obj
 0001:00002130       __vcrt_initialize_pure_virtual_call_handler 0000000180003130 f   libvcruntime:purevirt_data.obj
 0001:00002150       memcpy_repmovs             0000000180003150 f   libvcruntime:memcpy.obj
 0001:00002170       memcpy                     0000000180003170 f   libvcruntime:memcpy.obj
 0001:00002170       memmove                    0000000180003170 f   libvcruntime:memcpy.obj
 0001:000025c0       _CallSettingFrame          00000001800035c0 f   libvcruntime:handlers.obj
 0001:00002610       _CallSettingFrameEncoded   0000000180003610 f   libvcruntime:handlers.obj
 0001:000028c4       __acrt_initialize_thread_local_exit_callback 00000001800038c4 f   libucrt:exit.obj
 0001:000028cc       _cexit                     00000001800038cc f   libucrt:exit.obj
 0001:000028dc       _exit                      00000001800038dc f   libucrt:exit.obj
 0001:000028e8       _is_c_termination_complete 00000001800038e8 f   libucrt:exit.obj
 0001:000028f0       exit                       00000001800038f0 f   libucrt:exit.obj
 0001:000028fc       calloc                     00000001800038fc f   libucrt:calloc.obj
 0001:00002904       __acrt_initialize_stdio    0000000180003904 f   libucrt:_file.obj
 0001:00002a24       __acrt_iob_func            0000000180003a24 f   libucrt:_file.obj
 0001:00002a38       __acrt_uninitialize_stdio  0000000180003a38 f   libucrt:_file.obj
 0001:00002a94       _lock_file                 0000000180003a94 f   libucrt:_file.obj
 0001:00002aa0       _unlock_file               0000000180003aa0 f   libucrt:_file.obj
 0001:00002aec       ??$ensure_buffer_is_big_enough@D@formatting_buffer@__crt_stdio_output@@QEAA_N_K@Z 0000000180003aec f i libucrt:output.obj
 0001:00002b94       ??$type_case_integer_parse_into_buffer@I@?$output_processor@DV?$stream_output_adapter@D@__crt_stdio_output@@V?$standard_base@DV?$stream_output_adapter@D@__crt_stdio_output@@@2@@__crt_stdio_output@@AEAAXII_N@Z 0000000180003b94 f i libucrt:output.obj
 0001:00002c24       ??$type_case_integer_parse_into_buffer@_K@?$output_processor@DV?$stream_output_adapter@D@__crt_stdio_output@@V?$standard_base@DV?$stream_output_adapter@D@__crt_stdio_output@@@2@@__crt_stdio_output@@AEAAX_KI_N@Z 0000000180003c24 f i libucrt:output.obj
 0001:00002cb8       ??$write_multiple_characters@V?$stream_output_adapter@D@__crt_stdio_output@@D@__crt_stdio_output@@YAXAEBV?$stream_output_adapter@D@0@DHQEAH@Z 0000000180003cb8 f i libucrt:output.obj
 0001:00002d44       ??0_LocaleUpdate@@QEAA@QEAU__crt_locale_pointers@@@Z 0000000180003d44 f i libucrt:output.obj
 0001:00002f10       ?crop_zeroes@__crt_stdio_output@@YAXPEADQEAU__crt_locale_pointers@@@Z 0000000180003f10 f i libucrt:output.obj
 0001:00002f7c       ?force_decimal_point@__crt_stdio_output@@YAXPEADQEAU__crt_locale_pointers@@@Z 0000000180003f7c f i libucrt:output.obj
 0001:00002fec       ?parse_int_from_format_string@?$output_processor@DV?$stream_output_adapter@D@__crt_stdio_output@@V?$standard_base@DV?$stream_output_adapter@D@__crt_stdio_output@@@2@@__crt_stdio_output@@AEAA_NQEAH@Z 0000000180003fec f i libucrt:output.obj
 0001:00003090       ?process@?$output_processor@DV?$stream_output_adapter@D@__crt_stdio_output@@V?$standard_base@DV?$stream_output_adapter@D@__crt_stdio_output@@@2@@__crt_stdio_output@@QEAAHXZ 0000000180004090 f i libucrt:output.obj
 0001:000032a8       ?state_case_normal@?$output_processor@DV?$stream_output_adapter@D@__crt_stdio_output@@V?$standard_base@DV?$stream_output_adapter@D@__crt_stdio_output@@@2@@__crt_stdio_output@@AEAA_NXZ 00000001800042a8 f i libucrt:output.obj
 0001:00003318       ?state_case_normal_tchar@?$output_processor@DV?$stream_output_adapter@D@__crt_stdio_output@@V?$standard_base@DV?$stream_output_adapter@D@__crt_stdio_output@@@2@@__crt_stdio_output@@AEAA_ND@Z 0000000180004318 f i libucrt:output.obj
 0001:000033bc       ?state_case_size@?$output_processor@DV?$stream_output_adapter@D@__crt_stdio_output@@V?$standard_base@DV?$stream_output_adapter@D@__crt_stdio_output@@@2@@__crt_stdio_output@@AEAA_NXZ 00000001800043bc f i libucrt:output.obj
 0001:00003530       ?state_case_type@?$output_processor@DV?$stream_output_adapter@D@__crt_stdio_output@@V?$standard_base@DV?$stream_output_adapter@D@__crt_stdio_output@@@2@@__crt_stdio_output@@AEAA_NXZ 0000000180004530 f i libucrt:output.obj
 0001:000037b4       ?type_case_Z@?$output_processor@DV?$stream_output_adapter@D@__crt_stdio_output@@V?$standard_base@DV?$stream_output_adapter@D@__crt_stdio_output@@@2@@__crt_stdio_output@@AEAA_NXZ 00000001800047b4 f i libucrt:output.obj
 0001:0000382c       ?type_case_a@?$output_processor@DV?$stream_output_adapter@D@__crt_stdio_output@@V?$standard_base@DV?$stream_output_adapter@D@__crt_stdio_output@@@2@@__crt_stdio_output@@AEAA_NXZ 000000018000482c f i libucrt:output.obj
 0001:000039e8       ?type_case_c_tchar@?$output_processor@DV?$stream_output_adapter@D@__crt_stdio_output@@V?$standard_base@DV?$stream_output_adapter@D@__crt_stdio_output@@@2@@__crt_stdio_output@@AEAA_ND@Z 00000001800049e8 f i libucrt:output.obj
 0001:00003aa4       ?type_case_integer@?$output_processor@DV?$stream_output_adapter@D@__crt_stdio_output@@V?$standard_base@DV?$stream_output_adapter@D@__crt_stdio_output@@@2@@__crt_stdio_output@@AEAA_NI_N@Z 0000000180004aa4 f i libucrt:output.obj
 0001:00003c6c       ?type_case_n@?$output_processor@DV?$stream_output_adapter@D@__crt_stdio_output@@V?$standard_base@DV?$stream_output_adapter@D@__crt_stdio_output@@@2@@__crt_stdio_output@@AEAA_NXZ 0000000180004c6c f i libucrt:output.obj
 0001:00003d48       ?type_case_s@?$output_processor@DV?$stream_output_adapter@D@__crt_stdio_output@@V?$standard_base@DV?$stream_output_adapter@D@__crt_stdio_output@@@2@@__crt_stdio_output@@AEAA_NXZ 0000000180004d48 f i libucrt:output.obj
 0001:00003de0       ?validate_stream_is_ansi_if_required@?$__acrt_stdio_char_traits@D@@SA_NQEAU_iobuf@@@Z 0000000180004de0 f i libucrt:output.obj
 0001:00003e7c       ?write_stored_string_tchar@?$output_processor@DV?$stream_output_adapter@D@__crt_stdio_output@@V?$standard_base@DV?$stream_output_adapter@D@__crt_stdio_output@@@2@@__crt_stdio_output@@AEAA_ND@Z 0000000180004e7c f i libucrt:output.obj
 0001:00003fa0       ?write_string_impl@?$output_adapter_common@DV?$stream_output_adapter@D@__crt_stdio_output@@@__crt_stdio_output@@IEBAXQEBDHQEAHAEAV__crt_deferred_errno_cache@@@Z 0000000180004fa0 f i libucrt:output.obj
 0001:00004098       __stdio_common_vfprintf    0000000180005098 f   libucrt:output.obj
 0001:00004124       free                       0000000180005124 f   libucrt:free.obj
 0001:00004150       strncat                    0000000180005150 f   libucrt:strncat.obj
 0001:000042e8       isdigit                    00000001800052e8 f i libucrt:_ctype.obj
 0001:0000437c       islower                    000000018000537c f i libucrt:_ctype.obj
 0001:00004410       malloc                     0000000180005410 f   libucrt:malloc.obj
 0001:00004418       __ascii_stricmp            0000000180005418 f   libucrt:stricmp.obj
 0001:00004458       _stricmp                   0000000180005458 f   libucrt:stricmp.obj
 0001:000044a0       _stricmp_l                 00000001800054a0 f   libucrt:stricmp.obj
 0001:00004554       _initterm                  0000000180005554 f   libucrt:initterm.obj
 0001:000045b8       _initterm_e                00000001800055b8 f   libucrt:initterm.obj
 0001:000045f8       _seh_filter_dll            00000001800055f8 f   libucrt:exception_filter.obj
 0001:0000460c       _seh_filter_exe            000000018000560c f   libucrt:exception_filter.obj
 0001:00004954       __acrt_allocate_buffer_for_argv 0000000180005954 f   libucrt:argv_parsing.obj
 0001:000049b4       _configure_narrow_argv     00000001800059b4 f   libucrt:argv_parsing.obj
 0001:00004d2c       __dcrt_uninitialize_environments_nolock 0000000180005d2c f   libucrt:environment_initialization.obj
 0001:00004d64       _initialize_narrow_environment 0000000180005d64 f   libucrt:environment_initialization.obj
 0001:00004ec0       _execute_onexit_table      0000000180005ec0 f   libucrt:onexit.obj
 0001:00004efc       _initialize_onexit_table   0000000180005efc f   libucrt:onexit.obj
 0001:00004f5c       __acrt_uninitialize_command_line 0000000180005f5c f   libucrt:argv_data.obj
 0001:00005054       __acrt_initialize          0000000180006054 f   libucrt:initialization.obj
 0001:00005068       __acrt_thread_attach       0000000180006068 f   libucrt:initialization.obj
 0001:0000507c       __acrt_thread_detach       000000018000607c f   libucrt:initialization.obj
 0001:0000508c       __acrt_uninitialize        000000018000608c f   libucrt:initialization.obj
 0001:000050c4       __acrt_uninitialize_critical 00000001800060c4 f   libucrt:initialization.obj
 0001:000050d4       terminate                  00000001800060d4 f   libucrt:terminate.obj
 0001:000050f4       strcpy_s                   00000001800060f4 f   libucrt:strcpy_s.obj
 0001:00005154       ??$parse_integer@KV?$c_string_character_source@D@__crt_strtox@@@__crt_strtox@@YAKQEAU__crt_locale_pointers@@V?$c_string_character_source@D@0@H_N@Z 0000000180006154 f i libucrt:atox.obj
 0001:000054a0       strncmp                    00000001800064a0 f   libucrt:strncmp.obj
 0001:00005520       abort                      0000000180006520 f   libucrt:abort.obj
 0001:00005578       wcsncmp                    0000000180006578 f   libucrt:wcsncmp.obj
 0001:000055a4       __acrt_initialize_locks    00000001800065a4 f   libucrt:locks.obj
 0001:000055ec       __acrt_lock                00000001800065ec f   libucrt:locks.obj
 0001:00005608       __acrt_uninitialize_locks  0000000180006608 f   libucrt:locks.obj
 0001:00005640       __acrt_unlock              0000000180006640 f   libucrt:locks.obj
 0001:0000565c       __acrt_get_process_end_policy 000000018000665c f   libucrt:win_policies.obj
 0001:00005698       _calloc_base               0000000180006698 f   libucrt:calloc_base.obj
 0001:00005710       __acrt_call_reportfault    0000000180006710 f   libucrt:invalid_parameter.obj
 0001:0000586c       __acrt_initialize_invalid_parameter_handler 000000018000686c f   libucrt:invalid_parameter.obj
 0001:00005874       _invalid_parameter         0000000180006874 f   libucrt:invalid_parameter.obj
 0001:00005924       _invalid_parameter_noinfo  0000000180006924 f   libucrt:invalid_parameter.obj
 0001:00005944       _invoke_watson             0000000180006944 f   libucrt:invalid_parameter.obj
 0001:0000598c       __acrt_errno_from_os_error 000000018000698c f   libucrt:errno.obj
 0001:000059d4       __acrt_errno_map_os_error  00000001800069d4 f   libucrt:errno.obj
 0001:00005a24       __doserrno                 0000000180006a24 f   libucrt:errno.obj
 0001:00005a44       _errno                     0000000180006a44 f   libucrt:errno.obj
 0001:00005a64       _free_base                 0000000180006a64 f   libucrt:free_base.obj
 0001:00005c7c       __acrt_AppPolicyGetProcessTerminationMethodInternal 0000000180006c7c f   libucrt:winapi_thunks.obj
 0001:00005ccc       __acrt_AreFileApisANSI     0000000180006ccc f   libucrt:winapi_thunks.obj
 0001:00005d08       __acrt_FlsAlloc            0000000180006d08 f   libucrt:winapi_thunks.obj
 0001:00005d50       __acrt_FlsFree             0000000180006d50 f   libucrt:winapi_thunks.obj
 0001:00005d98       __acrt_FlsGetValue         0000000180006d98 f   libucrt:winapi_thunks.obj
 0001:00005de0       __acrt_FlsSetValue         0000000180006de0 f   libucrt:winapi_thunks.obj
 0001:00005e34       __acrt_InitializeCriticalSectionEx 0000000180006e34 f   libucrt:winapi_thunks.obj
 0001:00005e98       __acrt_LCMapStringEx       0000000180006e98 f   libucrt:winapi_thunks.obj
 0001:00005f74       __acrt_LocaleNameToLCID    0000000180006f74 f   libucrt:winapi_thunks.obj
 0001:00005fc4       __acrt_initialize_winapi_thunks 0000000180006fc4 f   libucrt:winapi_thunks.obj
 0001:00005ff8       __acrt_uninitialize_winapi_thunks 0000000180006ff8 f   libucrt:winapi_thunks.obj
 0001:0000603c       _fcloseall                 000000018000703c f   libucrt:closeall.obj
 0001:000062cc       __acrt_stdio_flush_nolock  00000001800072cc f   libucrt:fflush.obj
 0001:00006348       _fflush_nolock             0000000180007348 f   libucrt:fflush.obj
 0001:00006394       _flushall                  0000000180007394 f   libucrt:fflush.obj
 0001:0000639c       __acrt_stdio_free_buffer_nolock 000000018000739c f   libucrt:_freebuf.obj
 0001:000065d8       __acrt_initialize_lowio    00000001800075d8 f   libucrt:ioinit.obj
 0001:00006614       __acrt_uninitialize_lowio  0000000180007614 f   libucrt:ioinit.obj
 0001:000066b4       _tolower_l                 00000001800076b4 f   libucrt:tolower_toupper.obj
 0001:000067f4       tolower                    00000001800077f4 f   libucrt:tolower_toupper.obj
 0001:00006820       _malloc_base               0000000180007820 f   libucrt:malloc_base.obj
 0001:00006880       strtol                     0000000180007880 f   libucrt:strtox.obj
 0001:000068ac       _mbtowc_l                  00000001800078ac f   libucrt:mbtowc.obj
 0001:00006a28       mbtowc                     0000000180007a28 f   libucrt:mbtowc.obj
 0001:00006a30       _wctomb_s_l                0000000180007a30 f   libucrt:wctomb.obj
 0001:00006bd0       wctomb_s                   0000000180007bd0 f   libucrt:wctomb.obj
 0001:00006be4       strnlen                    0000000180007be4 f   libucrt:strnlen.obj
 0001:00006d34       wcsnlen                    0000000180007d34 f   libucrt:strnlen.obj
 0001:00007284       __acrt_freeptd             0000000180008284 f   libucrt:per_thread_data.obj
 0001:000072c8       __acrt_getptd              00000001800082c8 f   libucrt:per_thread_data.obj
 0001:0000739c       __acrt_getptd_head         000000018000839c f   libucrt:per_thread_data.obj
 0001:00007444       __acrt_getptd_noexit       0000000180008444 f   libucrt:per_thread_data.obj
 0001:00007510       __acrt_initialize_ptd      0000000180008510 f   libucrt:per_thread_data.obj
 0001:0000754c       __acrt_uninitialize_ptd    000000018000854c f   libucrt:per_thread_data.obj
 0001:00007570       __acrt_update_locale_info  0000000180008570 f   libucrt:locale_update.obj
 0001:000075a4       __acrt_update_multibyte_info 00000001800085a4 f   libucrt:locale_update.obj
 0001:00007fac       __acrt_fp_format           0000000180008fac f   libucrt:cvt.obj
 0001:00008234       _fileno                    0000000180009234 f   libucrt:fileno.obj
 0001:0000825c       _fputc_nolock              000000018000925c f   libucrt:fputc.obj
 0001:00008274       _get_printf_count_output   0000000180009274 f   libucrt:printf_count_output.obj
 0001:0000828c       __acrt_stdio_begin_temporary_buffering_nolock 000000018000928c f   libucrt:_sftbuf.obj
 0001:0000835c       __acrt_stdio_end_temporary_buffering_nolock 000000018000935c f   libucrt:_sftbuf.obj
 0001:00008408       __acrt_set_locale_changed  0000000180009408 f   libucrt:wsetlocale.obj
 0001:00008414       __acrt_uninitialize_locale 0000000180009414 f   libucrt:wsetlocale.obj
 0001:00008444       __pctype_func              0000000180009444 f   libucrt:ctype.obj
 0001:00008474       _isctype_l                 0000000180009474 f   libucrt:isctype.obj
 0001:00008598       ??$__acrt_mbs_to_wcs_cp@U__crt_win32_buffer_internal_dynamic_resizing@@@@YAHQEBDAEAV?$__crt_win32_buffer@_WU__crt_win32_buffer_internal_dynamic_resizing@@@@I@Z 0000000180009598 f i libucrt:argv_wildcards.obj
 0001:00008710       ??$__acrt_wcs_to_mbs_cp@U__crt_win32_buffer_internal_dynamic_resizing@@@@YAHQEB_WAEAV?$__crt_win32_buffer@DU__crt_win32_buffer_internal_dynamic_resizing@@@@I@Z 0000000180009710 f i libucrt:argv_wildcards.obj
 0001:00008f40       __acrt_expand_narrow_argv_wildcards 0000000180009f40 f   libucrt:argv_wildcards.obj
 0001:00008f48       ??$__acrt_wcs_to_mbs_cp@U__crt_win32_buffer_no_resizing@@@@YAHQEB_WAEAV?$__crt_win32_buffer@DU__crt_win32_buffer_no_resizing@@@@I@Z 0000000180009f48 f i libucrt:getmodulefilenamea.obj
 0001:0000905c       __acrt_GetModuleFileNameA  000000018000a05c f   libucrt:getmodulefilenamea.obj
 0001:000098a8       __acrt_initialize_multibyte 000000018000a8a8 f   libucrt:mbctype.obj
 0001:00009908       __acrt_update_thread_multibyte_data 000000018000a908 f   libucrt:mbctype.obj
 0001:00009924       _setmbcp_nolock            000000018000a924 f   libucrt:mbctype.obj
 0001:00009c58       _ismbblead                 000000018000ac58 f   libucrt:ismbbyte.obj
 0001:00009c6c       __acrt_initialize_command_line 000000018000ac6c f   libucrt:argv_data.obj
 0001:00009c94       __acrt_MultiByteToWideChar 000000018000ac94 f   libucrt:multibytetowidechar.obj
 0001:00009cf0       __acrt_WideCharToMultiByte 000000018000acf0 f   libucrt:widechartomultibyte.obj
 0001:00009d88       __dcrt_get_narrow_environment_from_os 000000018000ad88 f   libucrt:get_environment_from_os.obj
 0001:00009e8c       _recalloc_base             000000018000ae8c f   libucrt:recalloc.obj
 0001:00009f24       __acrt_initialize_heap     000000018000af24 f   libucrt:heap_handle.obj
 0001:00009f40       __acrt_uninitialize_heap   000000018000af40 f   libucrt:heap_handle.obj
 0001:00009f4c       __acrt_execute_initializers 000000018000af4c f   libucrt:shared_initialization.obj
 0001:00009fcc       __acrt_execute_uninitializers 000000018000afcc f   libucrt:shared_initialization.obj
 0001:0000a008       __acrt_initialize_new_handler 000000018000b008 f   libucrt:new_handler.obj
 0001:0000a010       _callnewh                  000000018000b010 f   libucrt:new_handler.obj
 0001:0000a040       _query_new_handler         000000018000b040 f   libucrt:new_handler.obj
 0001:0000a0bc       __acrt_get_sigabrt_handler 000000018000b0bc f   libucrt:signal.obj
 0001:0000a0ec       __acrt_initialize_signal_handlers 000000018000b0ec f   libucrt:signal.obj
 0001:0000a10c       raise                      000000018000b10c f   libucrt:signal.obj
 0001:0000a378       __acrt_has_user_matherr    000000018000b378 f   libucrt:matherr.obj
 0001:0000a398       __acrt_initialize_user_matherr 000000018000b398 f   libucrt:matherr.obj
 0001:0000a3a0       __acrt_invoke_user_matherr 000000018000b3a0 f   libucrt:matherr.obj
 0001:0000a3d0       _query_new_mode            000000018000b3d0 f   libucrt:new_mode.obj
 0001:0000a4c0       __acrt_DownlevelLocaleNameToLCID 000000018000b4c0 f   libucrt:lcidtoname_downlevel.obj
 0001:0000a4f4       _fclose_nolock             000000018000b4f4 f   libucrt:fclose.obj
 0001:0000a578       fclose                     000000018000b578 f   libucrt:fclose.obj
 0001:0000a668       _commit                    000000018000b668 f   libucrt:commit.obj
 0001:0000af68       _write                     000000018000bf68 f   libucrt:write.obj
 0001:0000b054       _write_nolock              000000018000c054 f   libucrt:write.obj
 0001:0000b330       __acrt_lowio_create_handle_array 000000018000c330 f   libucrt:osfinfo.obj
 0001:0000b3d8       __acrt_lowio_destroy_handle_array 000000018000c3d8 f   libucrt:osfinfo.obj
 0001:0000b428       __acrt_lowio_ensure_fh_exists 000000018000c428 f   libucrt:osfinfo.obj
 0001:0000b4d0       __acrt_lowio_lock_fh       000000018000c4d0 f   libucrt:osfinfo.obj
 0001:0000b4f8       __acrt_lowio_unlock_fh     000000018000c4f8 f   libucrt:osfinfo.obj
 0001:0000b520       _free_osfhnd               000000018000c520 f   libucrt:osfinfo.obj
 0001:0000b5dc       _get_osfhandle             000000018000c5dc f   libucrt:osfinfo.obj
 0001:0000b654       _isleadbyte_l              000000018000c654 f i libucrt:_wctype.obj
 0001:0000b9b8       __acrt_LCMapStringA        000000018000c9b8 f   libucrt:lcmapstringa.obj
 0001:0000ba50       ?__mbrtowc_utf8@__crt_mbstring@@YA_KPEA_WPEBD_KPEAU_Mbstatet@@@Z 000000018000ca50 f   libucrt:mbrtowc.obj
 0001:0000ba8c       ?__mbsrtowcs_utf8@__crt_mbstring@@YA_KPEA_WPEAPEBD_KPEAU_Mbstatet@@@Z 000000018000ca8c f   libucrt:mbrtowc.obj
 0001:0000bc04       ?__c32rtomb_utf8@__crt_mbstring@@YA_KPEAD_UPEAU_Mbstatet@@@Z 000000018000cc04 f   libucrt:c32rtomb.obj
 0001:0000bcbc       __acrt_add_locale_ref      000000018000ccbc f   libucrt:locale_refcounting.obj
 0001:0000bd48       __acrt_free_locale         000000018000cd48 f   libucrt:locale_refcounting.obj
 0001:0000bec0       __acrt_locale_add_lc_time_reference 000000018000cec0 f   libucrt:locale_refcounting.obj
 0001:0000bee8       __acrt_locale_free_lc_time_if_unreferenced 000000018000cee8 f   libucrt:locale_refcounting.obj
 0001:0000bf20       __acrt_locale_release_lc_time_reference 000000018000cf20 f   libucrt:locale_refcounting.obj
 0001:0000bf48       __acrt_release_locale_ref  000000018000cf48 f   libucrt:locale_refcounting.obj
 0001:0000bff0       __acrt_update_thread_locale_data 000000018000cff0 f   libucrt:locale_refcounting.obj
 0001:0000c060       _updatetlocinfoEx_nolock   000000018000d060 f   libucrt:locale_refcounting.obj
 0001:0000c0c8       __acrt_fp_strflt_to_string 000000018000d0c8 f   libucrt:_fptostr.obj
 0001:0000c1b0       ?divide@__crt_strtox@@YA_KAEAUbig_integer@1@AEBU21@@Z 000000018000d1b0 f i libucrt:cfout.obj
 0001:0000c5dc       __acrt_fltout              000000018000d5dc f   libucrt:cfout.obj
 0001:0000d9f4       __acrt_stdio_flush_and_write_narrow_nolock 000000018000e9f4 f   libucrt:_flsbuf.obj
 0001:0000dae0       _isatty                    000000018000eae0 f   libucrt:isatty.obj
 0001:0000db40       __acrt_locale_free_monetary 000000018000eb40 f   libucrt:initmon.obj
 0001:0000dc4c       __acrt_locale_free_numeric 000000018000ec4c f   libucrt:initnum.obj
 0001:0000dd10       __acrt_locale_free_time    000000018000ed10 f   libucrt:inittime.obj
 0001:0000de18       __acrt_GetStringTypeA      000000018000ee18 f   libucrt:getstringtypea.obj
 0001:0000dfb0       qsort                      000000018000efb0 f   libucrt:qsort.obj
 0001:0000e370       strncpy_s                  000000018000f370 f   libucrt:strncpy_s.obj
 0001:0000e4f0       strpbrk                    000000018000f4f0 f   libucrt:strpbrk.obj
 0001:0000e8d0       _mbsdec                    000000018000f8d0 f   libucrt:mbsdec.obj
 0001:0000e8d8       _mbsdec_l                  000000018000f8d8 f   libucrt:mbsdec.obj
 0001:0000e984       _msize_base                000000018000f984 f   libucrt:msize.obj
 0001:0000e9c0       _realloc_base              000000018000f9c0 f   libucrt:realloc_base.obj
 0001:0000eab0       _close                     000000018000fab0 f   libucrt:close.obj
 0001:0000eb54       _close_nolock              000000018000fb54 f   libucrt:close.obj
 0001:0000ec14       ?__acrt_stdio_free_stream@@YAXV__crt_stdio_stream@@@Z 000000018000fc14 f   libucrt:stream.obj
 0001:0000edbc       _lseeki64                  000000018000fdbc f   libucrt:lseek.obj
 0001:0000edc4       _lseeki64_nolock           000000018000fdc4 f   libucrt:lseek.obj
 0001:0000edcc       _putwch_nolock             000000018000fdcc f   libucrt:putwch.obj
 0001:0000ee08       _query_app_type            000000018000fe08 f   libucrt:report_runtime_error.obj
 0001:0000ee10       __strncnt                  000000018000fe10 f   libucrt:strncnt.obj
 0001:0000ee28       ?__mbrtoc32_utf8@__crt_mbstring@@YA_KPEA_UPEBD_KPEAU_Mbstatet@@@Z 000000018000fe28 f   libucrt:mbrtoc32.obj
 0001:0000f004       fegetenv                   0000000180010004 f   libucrt:fegetenv.obj
 0001:0000f024       fesetenv                   0000000180010024 f   libucrt:fesetenv.obj
 0001:0000f074       feholdexcept               0000000180010074 f   libucrt:feholdexcept.obj
 0001:0000f0c4       ceil                       00000001800100c4 f   libucrt:ceil.obj
 0001:0000f190       log10                      0000000180010190 f   libucrt:log10.obj
 0001:0000f73c       __acrt_stdio_allocate_buffer_nolock 000000018001073c f   libucrt:_getbuf.obj
 0001:0000f7a4       __dcrt_lowio_ensure_console_output_initialized 00000001800107a4 f   libucrt:initcon.obj
 0001:0000f7f8       __dcrt_terminate_console_output 00000001800107f8 f   libucrt:initcon.obj
 0001:0000f814       __dcrt_write_console       0000000180010814 f   libucrt:initcon.obj
 0001:0000f8d4       __acrt_fenv_get_control    00000001800108d4 f   libucrt:_fenvutils.obj
 0001:0000f9c8       __acrt_fenv_get_status     00000001800109c8 f   libucrt:_fenvutils.obj
 0001:0000fa1c       __acrt_fenv_set_control    0000000180010a1c f   libucrt:_fenvutils.obj
 0001:0000fb64       __acrt_fenv_set_status     0000000180010b64 f   libucrt:_fenvutils.obj
 0001:0000fbe8       _clearfp                   0000000180010be8 f   libucrt:ieee.obj
 0001:0000fd7c       _handle_error              0000000180010d7c f   libucrt:libm_error.obj
 0001:0000fea4       _handle_nan                0000000180010ea4 f   libucrt:libm_error.obj
 0001:0000fec0       __acrt_initialize_fma3     0000000180010ec0 f   libucrt:fma3_available.obj
 0001:0000ff30       _log10_special             0000000180010f30 f   libucrt:log_special.obj
 0001:00010000       _get_fpsr                  0000000180011000 f   libucrt:fpsr.obj
 0001:00010010       _set_fpsr                  0000000180011010 f   libucrt:fpsr.obj
 0001:0001001a       _fclrf                     000000018001101a f   libucrt:fpsr.obj
 0001:0001002e       _frnd                      000000018001102e f   libucrt:fpsr.obj
 0001:00010050       _raise_exc                 0000000180011050 f   libucrt:fpexcept.obj
 0001:00010078       _raise_exc_ex              0000000180011078 f   libucrt:fpexcept.obj
 0001:00010388       _set_errno_from_matherr    0000000180011388 f   libucrt:fpexcept.obj
 0001:000103b8       _clrfp                     00000001800113b8 f   libucrt:fpctrl.obj
 0001:000103d8       _ctrlfp                    00000001800113d8 f   libucrt:fpctrl.obj
 0001:00010454       _set_statfp                0000000180011454 f   libucrt:fpctrl.obj
 0001:00010474       _statfp                    0000000180011474 f   libucrt:fpctrl.obj
 0001:00010485       IsProcessorFeaturePresent  0000000180011485 f   kernel32:KERNEL32.dll
 0001:0001048c       ?DloadAcquireSectionWriteAccess@@YAXXZ 000000018001148c f i DelayImp:delayhlp.obj
 0001:00010538       ?DloadGetSRWLockFunctionPointers@@YAEXZ 0000000180011538 f i DelayImp:delayhlp.obj
 0001:000105d4       ?DloadMakePermanentImageCommit@@YAXPEAX_K@Z 00000001800115d4 f i DelayImp:delayhlp.obj
 0001:0001066c       ?DloadObtainSection@@YAPEAXPEAK0@Z 000000018001166c f i DelayImp:delayhlp.obj
 0001:00010708       ?DloadProtectSection@@YAXKPEAK@Z 0000000180011708 f i DelayImp:delayhlp.obj
 0001:00010798       ?DloadReleaseSectionWriteAccess@@YAXXZ 0000000180011798 f i DelayImp:delayhlp.obj
 0001:0001082c       __delayLoadHelper2         000000018001182c f   DelayImp:delayhlp.obj
 0001:00010af0       _FindPESection             0000000180011af0 f   LIBCMT:pesect.obj
 0001:00010b40       _IsNonwritableInCurrentImage 0000000180011b40 f   LIBCMT:pesect.obj
 0001:00010b90       _ValidateImageBase         0000000180011b90 f   LIBCMT:pesect.obj
 0001:00010bc0       __GSHandlerCheck           0000000180011bc0 f   LIBCMT:gshandler.obj
 0001:00010be0       __GSHandlerCheckCommon     0000000180011be0 f   LIBCMT:gshandler.obj
 0001:00010c50       __chkstk                   0000000180011c50 f   LIBCMT:chkstk.obj
 0001:00010c50       _alloca_probe              0000000180011c50 f   LIBCMT:chkstk.obj
 0001:00010ca4       strrchr                    0000000180011ca4 f   libvcruntime:strrchr.obj
 0001:00010e00       memcmp                     0000000180011e00 f   libvcruntime:memcmp.obj
 0001:00010ee0       _guard_dispatch_icall_nop  0000000180011ee0 f   LIBCMT:guard_dispatch.obj
 0002:00000000       __imp_Sleep                0000000180013000     kernel32:KERNEL32.dll
 0002:00000008       __imp_GetModuleHandleA     0000000180013008     kernel32:KERNEL32.dll
 0002:00000010       __imp_LoadLibraryExA       0000000180013010     kernel32:KERNEL32.dll
 0002:00000018       __imp_VirtualQuery         0000000180013018     kernel32:KERNEL32.dll
 0002:00000020       __imp_VirtualProtect       0000000180013020     kernel32:KERNEL32.dll
 0002:00000028       __imp_RtlCaptureContext    0000000180013028     kernel32:KERNEL32.dll
 0002:00000030       __imp_RtlLookupFunctionEntry 0000000180013030     kernel32:KERNEL32.dll
 0002:00000038       __imp_RtlVirtualUnwind     0000000180013038     kernel32:KERNEL32.dll
 0002:00000040       __imp_UnhandledExceptionFilter 0000000180013040     kernel32:KERNEL32.dll
 0002:00000048       __imp_SetUnhandledExceptionFilter 0000000180013048     kernel32:KERNEL32.dll
 0002:00000050       __imp_GetCurrentProcess    0000000180013050     kernel32:KERNEL32.dll
 0002:00000058       __imp_TerminateProcess     0000000180013058     kernel32:KERNEL32.dll
 0002:00000060       __imp_IsProcessorFeaturePresent 0000000180013060     kernel32:KERNEL32.dll
 0002:00000068       __imp_QueryPerformanceCounter 0000000180013068     kernel32:KERNEL32.dll
 0002:00000070       __imp_GetCurrentProcessId  0000000180013070     kernel32:KERNEL32.dll
 0002:00000078       __imp_GetCurrentThreadId   0000000180013078     kernel32:KERNEL32.dll
 0002:00000080       __imp_GetSystemTimeAsFileTime 0000000180013080     kernel32:KERNEL32.dll
 0002:00000088       __imp_InitializeSListHead  0000000180013088     kernel32:KERNEL32.dll
 0002:00000090       __imp_IsDebuggerPresent    0000000180013090     kernel32:KERNEL32.dll
 0002:00000098       __imp_GetStartupInfoW      0000000180013098     kernel32:KERNEL32.dll
 0002:000000a0       __imp_GetModuleHandleW     00000001800130a0     kernel32:KERNEL32.dll
 0002:000000a8       __imp_RtlUnwindEx          00000001800130a8     kernel32:KERNEL32.dll
 0002:000000b0       __imp_InterlockedFlushSList 00000001800130b0     kernel32:KERNEL32.dll
 0002:000000b8       __imp_GetLastError         00000001800130b8     kernel32:KERNEL32.dll
 0002:000000c0       __imp_SetLastError         00000001800130c0     kernel32:KERNEL32.dll
 0002:000000c8       __imp_EnterCriticalSection 00000001800130c8     kernel32:KERNEL32.dll
 0002:000000d0       __imp_LeaveCriticalSection 00000001800130d0     kernel32:KERNEL32.dll
 0002:000000d8       __imp_DeleteCriticalSection 00000001800130d8     kernel32:KERNEL32.dll
 0002:000000e0       __imp_InitializeCriticalSectionAndSpinCount 00000001800130e0     kernel32:KERNEL32.dll
 0002:000000e8       __imp_TlsAlloc             00000001800130e8     kernel32:KERNEL32.dll
 0002:000000f0       __imp_TlsGetValue          00000001800130f0     kernel32:KERNEL32.dll
 0002:000000f8       __imp_TlsSetValue          00000001800130f8     kernel32:KERNEL32.dll
 0002:00000100       __imp_TlsFree              0000000180013100     kernel32:KERNEL32.dll
 0002:00000108       __imp_FreeLibrary          0000000180013108     kernel32:KERNEL32.dll
 0002:00000110       __imp_GetProcAddress       0000000180013110     kernel32:KERNEL32.dll
 0002:00000118       __imp_LoadLibraryExW       0000000180013118     kernel32:KERNEL32.dll
 0002:00000120       __imp_RaiseException       0000000180013120     kernel32:KERNEL32.dll
 0002:00000128       __imp_ExitProcess          0000000180013128     kernel32:KERNEL32.dll
 0002:00000130       __imp_GetModuleHandleExW   0000000180013130     kernel32:KERNEL32.dll
 0002:00000138       __imp_GetModuleFileNameW   0000000180013138     kernel32:KERNEL32.dll
 0002:00000140       __imp_HeapAlloc            0000000180013140     kernel32:KERNEL32.dll
 0002:00000148       __imp_HeapFree             0000000180013148     kernel32:KERNEL32.dll
 0002:00000150       __imp_LCMapStringW         0000000180013150     kernel32:KERNEL32.dll
 0002:00000158       __imp_GetStdHandle         0000000180013158     kernel32:KERNEL32.dll
 0002:00000160       __imp_GetFileType          0000000180013160     kernel32:KERNEL32.dll
 0002:00000168       __imp_FindClose            0000000180013168     kernel32:KERNEL32.dll
 0002:00000170       __imp_FindFirstFileExW     0000000180013170     kernel32:KERNEL32.dll
 0002:00000178       __imp_FindNextFileW        0000000180013178     kernel32:KERNEL32.dll
 0002:00000180       __imp_IsValidCodePage      0000000180013180     kernel32:KERNEL32.dll
 0002:00000188       __imp_GetACP               0000000180013188     kernel32:KERNEL32.dll
 0002:00000190       __imp_GetOEMCP             0000000180013190     kernel32:KERNEL32.dll
 0002:00000198       __imp_GetCPInfo            0000000180013198     kernel32:KERNEL32.dll
 0002:000001a0       __imp_GetCommandLineA      00000001800131a0     kernel32:KERNEL32.dll
 0002:000001a8       __imp_GetCommandLineW      00000001800131a8     kernel32:KERNEL32.dll
 0002:000001b0       __imp_MultiByteToWideChar  00000001800131b0     kernel32:KERNEL32.dll
 0002:000001b8       __imp_WideCharToMultiByte  00000001800131b8     kernel32:KERNEL32.dll
 0002:000001c0       __imp_GetEnvironmentStringsW 00000001800131c0     kernel32:KERNEL32.dll
 0002:000001c8       __imp_FreeEnvironmentStringsW 00000001800131c8     kernel32:KERNEL32.dll
 0002:000001d0       __imp_GetProcessHeap       00000001800131d0     kernel32:KERNEL32.dll
 0002:000001d8       __imp_FlushFileBuffers     00000001800131d8     kernel32:KERNEL32.dll
 0002:000001e0       __imp_WriteFile            00000001800131e0     kernel32:KERNEL32.dll
 0002:000001e8       __imp_GetConsoleCP         00000001800131e8     kernel32:KERNEL32.dll
 0002:000001f0       __imp_GetConsoleMode       00000001800131f0     kernel32:KERNEL32.dll
 0002:000001f8       __imp_SetStdHandle         00000001800131f8     kernel32:KERNEL32.dll
 0002:00000200       __imp_GetFileSizeEx        0000000180013200     kernel32:KERNEL32.dll
 0002:00000208       __imp_SetFilePointerEx     0000000180013208     kernel32:KERNEL32.dll
 0002:00000210       __imp_GetStringTypeW       0000000180013210     kernel32:KERNEL32.dll
 0002:00000218       __imp_HeapSize             0000000180013218     kernel32:KERNEL32.dll
 0002:00000220       __imp_HeapReAlloc          0000000180013220     kernel32:KERNEL32.dll
 0002:00000228       __imp_CloseHandle          0000000180013228     kernel32:KERNEL32.dll
 0002:00000230       __imp_CreateFileW          0000000180013230     kernel32:KERNEL32.dll
 0002:00000238       __imp_WriteConsoleW        0000000180013238     kernel32:KERNEL32.dll
 0002:00000240       __imp_GetSystemInfo        0000000180013240     kernel32:KERNEL32.dll
 0002:00000248       \177KERNEL32_NULL_THUNK_DATA 0000000180013248     kernel32:KERNEL32.dll
 0002:00000250       __imp_GetAsyncKeyState     0000000180013250     user32:USER32.dll
 0002:00000258       \177USER32_NULL_THUNK_DATA 0000000180013258     user32:USER32.dll
 0002:00000260       __guard_check_icall_fptr   0000000180013260     LIBCMT:guard_support.obj
 0002:00000268       __guard_dispatch_icall_fptr 0000000180013268     LIBCMT:guard_support.obj
 0002:00000270       __xc_a                     0000000180013270     LIBCMT:initializers.obj
 0002:00000278       _register_main_            0000000180013278     main.obj
 0002:00000280       __xc_z                     0000000180013280     LIBCMT:initializers.obj
 0002:00000288       __xi_a                     0000000180013288     LIBCMT:initializers.obj
 0002:00000290       __acrt_stdio_initializer   0000000180013290     libucrt:stdio_initializer.obj
 0002:00000298       __acrt_multibyte_initializer 0000000180013298     libucrt:multibyte_initializer.obj
 0002:000002a0       __acrt_tran_fma3_initializer 00000001800132a0     libucrt:fma3_initializer.obj
 0002:000002a8       __xi_z                     00000001800132a8     LIBCMT:initializers.obj
 0002:000002b0       __xp_a                     00000001800132b0     LIBCMT:initializers.obj
 0002:000002b8       __acrt_locale_terminator   00000001800132b8     libucrt:locale_initializer.obj
 0002:000002c0       __dcrt_console_output_terminator 00000001800132c0     libucrt:console_output_initializer.obj
 0002:000002c8       __acrt_stdio_terminator    00000001800132c8     libucrt:stdio_initializer.obj
 0002:000002d0       __xp_z                     00000001800132d0     LIBCMT:initializers.obj
 0002:000002d8       __xt_a                     00000001800132d8     LIBCMT:initializers.obj
 0002:000002e0       __xt_z                     00000001800132e0     LIBCMT:initializers.obj
 0002:000002f0       __sz_node_exe              00000001800132f0     node:node.exe
 0002:00000300       _pDefaultRawDllMain        0000000180013300     LIBCMT:dll_dllmain.obj
 0002:00000300       _pRawDllMain               0000000180013300     LIBCMT:dll_dllmain.obj
 0002:00000318       _pDestructExceptionObject  0000000180013318     libvcruntime:ehhelpers.obj
 0002:00000658       ??_C@_08EHJDFFNH@__based?$CI@ 0000000180013658     libvcruntime:undname.obj
 0002:00000668       ??_C@_07KOLFKCDI@__cdecl@  0000000180013668     libvcruntime:undname.obj
 0002:00000670       ??_C@_08GHMPAG@__pascal@   0000000180013670     libvcruntime:undname.obj
 0002:00000680       ??_C@_09IFJBGAPI@__stdcall@ 0000000180013680     libvcruntime:undname.obj
 0002:00000690       ??_C@_0L@NPHFGOKO@__thiscall@ 0000000180013690     libvcruntime:undname.obj
 0002:000006a0       ??_C@_0L@JMKHOMEK@__fastcall@ 00000001800136a0     libvcruntime:undname.obj
 0002:000006b0       ??_C@_0N@BCKKPABJ@__vectorcall@ 00000001800136b0     libvcruntime:undname.obj
 0002:000006c0       ??_C@_09HIJEGCPM@__clrcall@ 00000001800136c0     libvcruntime:undname.obj
 0002:000006cc       ??_C@_06GHPCKEAG@__eabi@   00000001800136cc     libvcruntime:undname.obj
 0002:000006d8       ??_C@_09IOPIDJLG@__swift_1@ 00000001800136d8     libvcruntime:undname.obj
 0002:000006e8       ??_C@_09KFNFGKHF@__swift_2@ 00000001800136e8     libvcruntime:undname.obj
 0002:000006f8       ??_C@_07JOMMBBKO@__ptr64@  00000001800136f8     libvcruntime:undname.obj
 0002:00000700       ??_C@_0L@PILCLIHE@__restrict@ 0000000180013700     libvcruntime:undname.obj
 0002:00000710       ??_C@_0M@GFIIJFMG@__unaligned@ 0000000180013710     libvcruntime:undname.obj
 0002:00000720       ??_C@_09DHDLOLLB@restrict?$CI@ 0000000180013720     libvcruntime:undname.obj
 0002:0000072c       ??_C@_04NIHEBCM@?5new@     000000018001372c     libvcruntime:undname.obj
 0002:00000738       ??_C@_07FPCDHGMM@?5delete@ 0000000180013738     libvcruntime:undname.obj
 0002:00000740       ??_C@_01NEMOKFLO@?$DN@     0000000180013740     libvcruntime:undname.obj
 0002:00000744       ??_C@_02GPIOPFAK@?$DO?$DO@ 0000000180013744     libvcruntime:undname.obj
 0002:00000748       ??_C@_02FODMEDOG@?$DM?$DM@ 0000000180013748     libvcruntime:undname.obj
 0002:0000074c       ??_C@_01DCLJPIOD@?$CB@     000000018001374c     libvcruntime:undname.obj
 0002:00000750       ??_C@_02EGOFBIJA@?$DN?$DN@ 0000000180013750     libvcruntime:undname.obj
 0002:00000754       ??_C@_02FDNJECIE@?$CB?$DN@ 0000000180013754     libvcruntime:undname.obj
 0002:00000758       ??_C@_02GPECMEKF@?$FL?$FN@ 0000000180013758     libvcruntime:undname.obj
 0002:00000760       ??_C@_08LHJFAFGD@operator@ 0000000180013760     libvcruntime:undname.obj
 0002:0000076c       ??_C@_02HBOOOICD@?9?$DO@   000000018001376c     libvcruntime:undname.obj
 0002:00000770       ??_C@_01NBENCBCI@?$CK@     0000000180013770     libvcruntime:undname.obj
 0002:00000774       ??_C@_02ECNGHCIF@?$CL?$CL@ 0000000180013774     libvcruntime:undname.obj
 0002:00000778       ??_C@_02BAABKJLB@?9?9@     0000000180013778     libvcruntime:undname.obj
 0002:0000077c       ??_C@_01JOAMLHOP@?9@       000000018001377c     libvcruntime:undname.obj
 0002:00000780       ??_C@_01MIFGBAGJ@?$CL@     0000000180013780     libvcruntime:undname.obj
 0002:00000784       ??_C@_01HNPIGOCE@?$CG@     0000000180013784     libvcruntime:undname.obj
 0002:00000788       ??_C@_03MNHNFDLC@?9?$DO?$CK@ 0000000180013788     libvcruntime:undname.obj
 0002:0000078c       ??_C@_01KMDKNFGN@?1@       000000018001378c     libvcruntime:undname.obj
 0002:00000790       ??_C@_01FGNFDNOH@?$CF@     0000000180013790     libvcruntime:undname.obj
 0002:00000794       ??_C@_01MNNFJEPP@?$DM@     0000000180013794     libvcruntime:undname.obj
 0002:00000798       ??_C@_02EHCHHCKH@?$DM?$DN@ 0000000180013798     libvcruntime:undname.obj
 0002:0000079c       ??_C@_01PPODPGHN@?$DO@     000000018001379c     libvcruntime:undname.obj
 0002:000007a0       ??_C@_02EEKDKGMJ@?$DO?$DN@ 00000001800137a0     libvcruntime:undname.obj
 0002:000007a4       ??_C@_01IHBHIGKO@?0@       00000001800137a4     libvcruntime:undname.obj
 0002:000007a8       ??_C@_02HCKGKOFO@?$CI?$CJ@ 00000001800137a8     libvcruntime:undname.obj
 0002:000007ac       ??_C@_01PJKLJHI@?$HO@      00000001800137ac     libvcruntime:undname.obj
 0002:000007b0       ??_C@_01JKBOJNNK@?$FO@     00000001800137b0     libvcruntime:undname.obj
 0002:000007b4       ??_C@_01DNKMNLPK@?$HM@     00000001800137b4     libvcruntime:undname.obj
 0002:000007b8       ??_C@_02PPKAJPJL@?$CG?$CG@ 00000001800137b8     libvcruntime:undname.obj
 0002:000007bc       ??_C@_02NONPIBCD@?$HM?$HM@ 00000001800137bc     libvcruntime:undname.obj
 0002:000007c0       ??_C@_02FPIMKNGF@?$CK?$DN@ 00000001800137c0     libvcruntime:undname.obj
 0002:000007c4       ??_C@_02FOEOMHFC@?$CL?$DN@ 00000001800137c4     libvcruntime:undname.obj
 0002:000007c8       ??_C@_02FKMDLLOA@?9?$DN@   00000001800137c8     libvcruntime:undname.obj
 0002:000007cc       ??_C@_02FJEHGPIO@?1?$DN@   00000001800137cc     libvcruntime:undname.obj
 0002:000007d0       ??_C@_02FENAOKFI@?$CF?$DN@ 00000001800137d0     libvcruntime:undname.obj
 0002:000007d4       ??_C@_03IKFCCPFF@?$DO?$DO?$DN@ 00000001800137d4     libvcruntime:undname.obj
 0002:000007d8       ??_C@_03CDNPDDLA@?$DM?$DM?$DN@ 00000001800137d8     libvcruntime:undname.obj
 0002:000007dc       ??_C@_02FGJGFEAB@?$CG?$DN@ 00000001800137dc     libvcruntime:undname.obj
 0002:000007e0       ??_C@_02DHLNPPGH@?$HM?$DN@ 00000001800137e0     libvcruntime:undname.obj
 0002:000007e4       ??_C@_02MHEGNOJ@?$FO?$DN@  00000001800137e4     libvcruntime:undname.obj
 0002:000007e8       ??_C@_09IFPLHPGF@?$GAvftable?8@ 00000001800137e8     libvcruntime:undname.obj
 0002:000007f8       ??_C@_09BLBHBJP@?$GAvbtable?8@ 00000001800137f8     libvcruntime:undname.obj
 0002:00000808       ??_C@_07FEEIOKP@?$GAvcall?8@ 0000000180013808     libvcruntime:undname.obj
 0002:00000810       ??_C@_08LLFFHHDJ@?$GAtypeof?8@ 0000000180013810     libvcruntime:undname.obj
 0002:00000820       ??_C@_0BF@KDPPACIK@?$GAlocal?5static?5guard?8@ 0000000180013820     libvcruntime:undname.obj
 0002:00000838       ??_C@_08OBABFOLI@?$GAstring?8@ 0000000180013838     libvcruntime:undname.obj
 0002:00000848       ??_C@_0BD@JDLKDPAB@?$GAvbase?5destructor?8@ 0000000180013848     libvcruntime:undname.obj
 0002:00000860       ??_C@_0BN@DEGPLNFK@?$GAvector?5deleting?5destructor?8@ 0000000180013860     libvcruntime:undname.obj
 0002:00000880       ??_C@_0BO@OBMKPJIG@?$GAdefault?5constructor?5closure?8@ 0000000180013880     libvcruntime:undname.obj
 0002:000008a0       ??_C@_0BN@IMDCHIKM@?$GAscalar?5deleting?5destructor?8@ 00000001800138a0     libvcruntime:undname.obj
 0002:000008c0       ??_C@_0BO@PFGOCPJJ@?$GAvector?5constructor?5iterator?8@ 00000001800138c0     libvcruntime:undname.obj
 0002:000008e0       ??_C@_0BN@LFPFMEDL@?$GAvector?5destructor?5iterator?8@ 00000001800138e0     libvcruntime:undname.obj
 0002:00000900       ??_C@_0CE@IKBNEHA@?$GAvector?5vbase?5constructor?5itera@ 0000000180013900     libvcruntime:undname.obj
 0002:00000928       ??_C@_0BL@NILFHHPC@?$GAvirtual?5displacement?5map?8@ 0000000180013928     libvcruntime:undname.obj
 0002:00000948       ??_C@_0CB@JONCMFFK@?$GAeh?5vector?5constructor?5iterator@ 0000000180013948     libvcruntime:undname.obj
 0002:00000970       ??_C@_0CA@GCEOPDGL@?$GAeh?5vector?5destructor?5iterator?8@ 0000000180013970     libvcruntime:undname.obj
 0002:00000990       ??_C@_0CH@OOJPLCPH@?$GAeh?5vector?5vbase?5constructor?5it@ 0000000180013990     libvcruntime:undname.obj
 0002:000009b8       ??_C@_0BL@LLKPOHJI@?$GAcopy?5constructor?5closure?8@ 00000001800139b8     libvcruntime:undname.obj
 0002:000009d8       ??_C@_0BA@KBCDOMBN@?$GAudt?5returning?8@ 00000001800139d8     libvcruntime:undname.obj
 0002:000009e8       ??_C@_03KLGMFNMG@?$GAEH@   00000001800139e8     libvcruntime:undname.obj
 0002:000009ec       ??_C@_05KHLCHHI@?$GARTTI@  00000001800139ec     libvcruntime:undname.obj
 0002:000009f8       ??_C@_0BA@KKLDJDLB@?$GAlocal?5vftable?8@ 00000001800139f8     libvcruntime:undname.obj
 0002:00000a08       ??_C@_0CE@IIHCMGGL@?$GAlocal?5vftable?5constructor?5clos@ 0000000180013a08     libvcruntime:undname.obj
 0002:00000a2c       ??_C@_06FHBGPFGH@?5new?$FL?$FN@ 0000000180013a2c     libvcruntime:undname.obj
 0002:00000a38       ??_C@_09LBNFPBCA@?5delete?$FL?$FN@ 0000000180013a38     libvcruntime:undname.obj
 0002:00000a48       ??_C@_0P@HJKNJFNN@?$GAomni?5callsig?8@ 0000000180013a48     libvcruntime:undname.obj
 0002:00000a58       ??_C@_0BL@CNOONJFP@?$GAplacement?5delete?5closure?8@ 0000000180013a58     libvcruntime:undname.obj
 0002:00000a78       ??_C@_0BN@CKNJLHMB@?$GAplacement?5delete?$FL?$FN?5closure?8@ 0000000180013a78     libvcruntime:undname.obj
 0002:00000a98       ??_C@_0CG@CFDHKGGD@?$GAmanaged?5vector?5constructor?5ite@ 0000000180013a98     libvcruntime:undname.obj
 0002:00000ac0       ??_C@_0CF@IMGKMJNO@?$GAmanaged?5vector?5destructor?5iter@ 0000000180013ac0     libvcruntime:undname.obj
 0002:00000ae8       ??_C@_0CG@HLDDJMAG@?$GAeh?5vector?5copy?5constructor?5ite@ 0000000180013ae8     libvcruntime:undname.obj
 0002:00000b10       ??_C@_0CM@FCBBDIGB@?$GAeh?5vector?5vbase?5copy?5construct@ 0000000180013b10     libvcruntime:undname.obj
 0002:00000b40       ??_C@_0BL@CLIPGLGB@?$GAdynamic?5initializer?5for?5?8@ 0000000180013b40     libvcruntime:undname.obj
 0002:00000b60       ??_C@_0CB@PDBIFEP@?$GAdynamic?5atexit?5destructor?5for?5@ 0000000180013b60     libvcruntime:undname.obj
 0002:00000b88       ??_C@_0CD@CGAJBKEJ@?$GAvector?5copy?5constructor?5iterat@ 0000000180013b88     libvcruntime:undname.obj
 0002:00000bb0       ??_C@_0CJ@GJELGAMM@?$GAvector?5vbase?5copy?5constructor?5@ 0000000180013bb0     libvcruntime:undname.obj
 0002:00000be0       ??_C@_0CL@FGIJHLCE@?$GAmanaged?5vector?5copy?5constructo@ 0000000180013be0     libvcruntime:undname.obj
 0002:00000c10       ??_C@_0BM@PMGGMLDN@?$GAlocal?5static?5thread?5guard?8@ 0000000180013c10     libvcruntime:undname.obj
 0002:00000c30       ??_C@_0N@BDNMDMOL@operator?5?$CC?$CC?5@ 0000000180013c30     libvcruntime:undname.obj
 0002:00000c40       ??_C@_0BC@GGEBGALA@operator?5co_await@ 0000000180013c40     libvcruntime:undname.obj
 0002:00000c58       ??_C@_0BC@DAFEJGAK@?5Type?5Descriptor?8@ 0000000180013c58     libvcruntime:undname.obj
 0002:00000c70       ??_C@_0BM@LDKODKLH@?5Base?5Class?5Descriptor?5at?5?$CI@ 0000000180013c70     libvcruntime:undname.obj
 0002:00000c90       ??_C@_0BD@LGICGFMM@?5Base?5Class?5Array?8@ 0000000180013c90     libvcruntime:undname.obj
 0002:00000ca8       ??_C@_0BN@MECKDCOJ@?5Class?5Hierarchy?5Descriptor?8@ 0000000180013ca8     libvcruntime:undname.obj
 0002:00000cc8       ??_C@_0BK@CFCOFLF@?5Complete?5Object?5Locator?8@ 0000000180013cc8     libvcruntime:undname.obj
 0002:00000d00       ??_C@_1DM@KHCHBNEB@?$AAa?$AAp?$AAi?$AA?9?$AAm?$AAs?$AA?9?$AAw?$AAi?$AAn?$AA?9?$AAc?$AAo?$AAr?$AAe@ 0000000180013d00     libvcruntime:winapi_downlevel.obj
 0002:00000d40       ??_C@_1DK@LPPGFMPP@?$AAa?$AAp?$AAi?$AA?9?$AAm?$AAs?$AA?9?$AAw?$AAi?$AAn?$AA?9?$AAc?$AAo?$AAr?$AAe@ 0000000180013d40     libvcruntime:winapi_downlevel.obj
 0002:00000d80       ??_C@_1BC@GDMECMAK@?$AAk?$AAe?$AAr?$AAn?$AAe?$AAl?$AA3?$AA2@ 0000000180013d80     libvcruntime:winapi_downlevel.obj
 0002:00000d98       ??_C@_1BA@PFFKHIOG@?$AAa?$AAp?$AAi?$AA?9?$AAm?$AAs?$AA?9@ 0000000180013d98     libvcruntime:winapi_downlevel.obj
 0002:00000da8       ??_C@_1BA@IAIFMGEF@?$AAe?$AAx?$AAt?$AA?9?$AAm?$AAs?$AA?9@ 0000000180013da8     libvcruntime:winapi_downlevel.obj
 0002:00000dc0       ??_C@_08KNHFBNJ@FlsAlloc@  0000000180013dc0     libvcruntime:winapi_downlevel.obj
 0002:00000dd8       ??_C@_07PEJMOBNF@FlsFree@  0000000180013dd8     libvcruntime:winapi_downlevel.obj
 0002:00000de8       ??_C@_0M@GDNOONDI@FlsGetValue@ 0000000180013de8     libvcruntime:winapi_downlevel.obj
 0002:00000e00       ??_C@_0M@JCPCPOEF@FlsSetValue@ 0000000180013e00     libvcruntime:winapi_downlevel.obj
 0002:00000e18       ??_C@_0BM@HCFOFFN@InitializeCriticalSectionEx@ 0000000180013e18     libvcruntime:winapi_downlevel.obj
 0002:00000e38       ??_C@_1BI@BGOHAHKC@?$AAm?$AAs?$AAc?$AAo?$AAr?$AAe?$AAe?$AA?4?$AAd?$AAl?$AAl?$AA?$AA@ 0000000180013e38     libucrt:exit.obj
 0002:00000e50       ??_C@_0P@MIGLKIOC@CorExitProcess?$AA@ 0000000180013e50     libucrt:exit.obj
 0002:00000e60       standard_lookup_table      0000000180013e60     libucrt:output.obj
 0002:00000ec0       ??_C@_1O@CEDCILHN@?$AA?$CI?$AAn?$AAu?$AAl?$AAl?$AA?$CJ?$AA?$AA@ 0000000180013ec0     libucrt:output.obj
 0002:00000ed0       ??_C@_06OJHGLDPL@?$CInull?$CJ?$AA@ 0000000180013ed0     libucrt:output.obj
 0002:00000ee0       __acrt_exception_action_table 0000000180013ee0     libucrt:exception_filter.obj
 0002:00000fa0       __acrt_signal_action_table_count 0000000180013fa0     libucrt:exception_filter.obj
 0002:00000fa8       __acrt_signal_action_first_fpe_index 0000000180013fa8     libucrt:exception_filter.obj
 0002:00000fb0       __acrt_signal_action_fpe_count 0000000180013fb0     libucrt:exception_filter.obj
 0002:000012d0       ??_C@_1EA@JGEFHKEI@?$AAa?$AAp?$AAi?$AA?9?$AAm?$AAs?$AA?9?$AAw?$AAi?$AAn?$AA?9?$AAc?$AAo?$AAr?$AAe?$AA?9?$AAd?$AAa?$AAt?$AAe?$AAt?$AAi?$AAm?$AAe?$AA?9?$AAl?$AA1?$AA?9?$AA1?$AA?9?$AA1?$AA?$AA@ 00000001800142d0     libucrt:winapi_thunks.obj
 0002:00001310       ??_C@_1DM@KHCHBNEB@?$AAa?$AAp?$AAi?$AA?9?$AAm?$AAs?$AA?9?$AAw?$AAi?$AAn?$AA?9?$AAc?$AAo?$AAr?$AAe?$AA?9?$AAf?$AAi?$AAb?$AAe?$AAr?$AAs?$AA?9?$AAl?$AA1?$AA?9?$AA1?$AA?9?$AA1?$AA?$AA@ 0000000180014310     libucrt:winapi_thunks.obj
 0002:00001350       ??_C@_1DI@IJCEHOCB@?$AAa?$AAp?$AAi?$AA?9?$AAm?$AAs?$AA?9?$AAw?$AAi?$AAn?$AA?9?$AAc?$AAo?$AAr?$AAe?$AA?9?$AAf?$AAi?$AAl?$AAe?$AA?9?$AAl?$AA1?$AA?9?$AA2?$AA?9?$AA2?$AA?$AA@ 0000000180014350     libucrt:winapi_thunks.obj
 0002:00001390       ??_C@_1EI@MPIAOHOC@?$AAa?$AAp?$AAi?$AA?9?$AAm?$AAs?$AA?9?$AAw?$AAi?$AAn?$AA?9?$AAc?$AAo?$AAr?$AAe?$AA?9?$AAl?$AAo?$AAc?$AAa?$AAl?$AAi?$AAz?$AAa?$AAt?$AAi?$AAo?$AAn?$AA?9?$AAl?$AA1?$AA?9@ 0000000180014390     libucrt:winapi_thunks.obj
 0002:000013e0       ??_C@_1FK@FPHCKFIE@?$AAa?$AAp?$AAi?$AA?9?$AAm?$AAs?$AA?9?$AAw?$AAi?$AAn?$AA?9?$AAc?$AAo?$AAr?$AAe?$AA?9?$AAl?$AAo?$AAc?$AAa?$AAl?$AAi?$AAz?$AAa?$AAt?$AAi?$AAo?$AAn?$AA?9?$AAo?$AAb?$AAs@ 00000001800143e0     libucrt:winapi_thunks.obj
 0002:00001440       ??_C@_1EM@DILCGIIO@?$AAa?$AAp?$AAi?$AA?9?$AAm?$AAs?$AA?9?$AAw?$AAi?$AAn?$AA?9?$AAc?$AAo?$AAr?$AAe?$AA?9?$AAp?$AAr?$AAo?$AAc?$AAe?$AAs?$AAs?$AAt?$AAh?$AAr?$AAe?$AAa?$AAd?$AAs?$AA?9?$AAl@ 0000000180014440     libucrt:winapi_thunks.obj
 0002:00001490       ??_C@_1DM@LNCGDDPN@?$AAa?$AAp?$AAi?$AA?9?$AAm?$AAs?$AA?9?$AAw?$AAi?$AAn?$AA?9?$AAc?$AAo?$AAr?$AAe?$AA?9?$AAs?$AAt?$AAr?$AAi?$AAn?$AAg?$AA?9?$AAl?$AA1?$AA?9?$AA1?$AA?9?$AA0?$AA?$AA@ 0000000180014490     libucrt:winapi_thunks.obj
 0002:000014d0       ??_C@_1DK@LPPGFMPP@?$AAa?$AAp?$AAi?$AA?9?$AAm?$AAs?$AA?9?$AAw?$AAi?$AAn?$AA?9?$AAc?$AAo?$AAr?$AAe?$AA?9?$AAs?$AAy?$AAn?$AAc?$AAh?$AA?9?$AAl?$AA1?$AA?9?$AA2?$AA?9?$AA0?$AA?$AA@ 00000001800144d0     libucrt:winapi_thunks.obj
 0002:00001510       ??_C@_1DO@FPAPJEMD@?$AAa?$AAp?$AAi?$AA?9?$AAm?$AAs?$AA?9?$AAw?$AAi?$AAn?$AA?9?$AAc?$AAo?$AAr?$AAe?$AA?9?$AAs?$AAy?$AAs?$AAi?$AAn?$AAf?$AAo?$AA?9?$AAl?$AA1?$AA?9?$AA2?$AA?9?$AA1?$AA?$AA@ 0000000180014510     libucrt:winapi_thunks.obj
 0002:00001550       ??_C@_1DK@NDHNAHIO@?$AAa?$AAp?$AAi?$AA?9?$AAm?$AAs?$AA?9?$AAw?$AAi?$AAn?$AA?9?$AAc?$AAo?$AAr?$AAe?$AA?9?$AAw?$AAi?$AAn?$AAr?$AAt?$AA?9?$AAl?$AA1?$AA?9?$AA1?$AA?9?$AA0?$AA?$AA@ 0000000180014550     libucrt:winapi_thunks.obj
 0002:00001590       ??_C@_1DM@KGHDGBCM@?$AAa?$AAp?$AAi?$AA?9?$AAm?$AAs?$AA?9?$AAw?$AAi?$AAn?$AA?9?$AAc?$AAo?$AAr?$AAe?$AA?9?$AAx?$AAs?$AAt?$AAa?$AAt?$AAe?$AA?9?$AAl?$AA2?$AA?9?$AA1?$AA?9?$AA0?$AA?$AA@ 0000000180014590     libucrt:winapi_thunks.obj
 0002:000015d0       ??_C@_1EO@IJIOEFOH@?$AAa?$AAp?$AAi?$AA?9?$AAm?$AAs?$AA?9?$AAw?$AAi?$AAn?$AA?9?$AAr?$AAt?$AAc?$AAo?$AAr?$AAe?$AA?9?$AAn?$AAt?$AAu?$AAs?$AAe?$AAr?$AA?9?$AAw?$AAi?$AAn?$AAd?$AAo?$AAw?$AA?9@ 00000001800145d0     libucrt:winapi_thunks.obj
 0002:00001620       ??_C@_1FG@HHGEKANL@?$AAa?$AAp?$AAi?$AA?9?$AAm?$AAs?$AA?9?$AAw?$AAi?$AAn?$AA?9?$AAs?$AAe?$AAc?$AAu?$AAr?$AAi?$AAt?$AAy?$AA?9?$AAs?$AAy?$AAs?$AAt?$AAe?$AAm?$AAf?$AAu?$AAn?$AAc?$AAt?$AAi@ 0000000180014620     libucrt:winapi_thunks.obj
 0002:00001680       ??_C@_1EG@DBIOJECG@?$AAe?$AAx?$AAt?$AA?9?$AAm?$AAs?$AA?9?$AAw?$AAi?$AAn?$AA?9?$AAn?$AAt?$AAu?$AAs?$AAe?$AAr?$AA?9?$AAd?$AAi?$AAa?$AAl?$AAo?$AAg?$AAb?$AAo?$AAx?$AA?9?$AAl?$AA1?$AA?9?$AA1@ 0000000180014680     libucrt:winapi_thunks.obj
 0002:000016d0       ??_C@_1EO@FIHMJCLF@?$AAe?$AAx?$AAt?$AA?9?$AAm?$AAs?$AA?9?$AAw?$AAi?$AAn?$AA?9?$AAn?$AAt?$AAu?$AAs?$AAe?$AAr?$AA?9?$AAw?$AAi?$AAn?$AAd?$AAo?$AAw?$AAs?$AAt?$AAa?$AAt?$AAi?$AAo?$AAn?$AA?9@ 00000001800146d0     libucrt:winapi_thunks.obj
 0002:00001720       ??_C@_1BC@DNHGCMLG@?$AAa?$AAd?$AAv?$AAa?$AAp?$AAi?$AA3?$AA2?$AA?$AA@ 0000000180014720     libucrt:winapi_thunks.obj
 0002:00001738       ??_C@_1BC@GDMECMAK@?$AAk?$AAe?$AAr?$AAn?$AAe?$AAl?$AA3?$AA2?$AA?$AA@ 0000000180014738     libucrt:winapi_thunks.obj
 0002:00001750       ??_C@_1M@OAIMIKLP@?$AAn?$AAt?$AAd?$AAl?$AAl?$AA?$AA@ 0000000180014750     libucrt:winapi_thunks.obj
 0002:00001760       ??_C@_1EG@DPGNFKGC@?$AAa?$AAp?$AAi?$AA?9?$AAm?$AAs?$AA?9?$AAw?$AAi?$AAn?$AA?9?$AAa?$AAp?$AAp?$AAm?$AAo?$AAd?$AAe?$AAl?$AA?9?$AAr?$AAu?$AAn?$AAt?$AAi?$AAm?$AAe?$AA?9?$AAl?$AA1?$AA?9?$AA1@ 0000000180014760     libucrt:winapi_thunks.obj
 0002:000017a8       ??_C@_1O@BCCLBEOE@?$AAu?$AAs?$AAe?$AAr?$AA3?$AA2?$AA?$AA@ 00000001800147a8     libucrt:winapi_thunks.obj
 0002:000017b8       ??_C@_1BA@PFFKHIOG@?$AAa?$AAp?$AAi?$AA?9?$AAm?$AAs?$AA?9?$AA?$AA@ 00000001800147b8     libucrt:winapi_thunks.obj
 0002:000017c8       ??_C@_1BA@IAIFMGEF@?$AAe?$AAx?$AAt?$AA?9?$AAm?$AAs?$AA?9?$AA?$AA@ 00000001800147c8     libucrt:winapi_thunks.obj
 0002:000017e0       ??_C@_0BA@FHFNEAED@AreFileApisANSI?$AA@ 00000001800147e0     libucrt:winapi_thunks.obj
 0002:000017f8       ??_C@_08KNHFBNJ@FlsAlloc?$AA@ 00000001800147f8     libucrt:winapi_thunks.obj
 0002:00001810       ??_C@_07PEJMOBNF@FlsFree?$AA@ 0000000180014810     libucrt:winapi_thunks.obj
 0002:00001820       ??_C@_0M@GDNOONDI@FlsGetValue?$AA@ 0000000180014820     libucrt:winapi_thunks.obj
 0002:00001838       ??_C@_0M@JCPCPOEF@FlsSetValue?$AA@ 0000000180014838     libucrt:winapi_thunks.obj
 0002:00001850       ??_C@_0BM@HCFOFFN@InitializeCriticalSectionEx?$AA@ 0000000180014850     libucrt:winapi_thunks.obj
 0002:00001878       ??_C@_0O@KKBNKAPF@LCMapStringEx?$AA@ 0000000180014878     libucrt:winapi_thunks.obj
 0002:00001890       ??_C@_0BB@HBDEELFH@LocaleNameToLCID?$AA@ 0000000180014890     libucrt:winapi_thunks.obj
 0002:000018a8       ??_C@_0CF@OJOFEIGO@AppPolicyGetProcessTerminationMe@ 00000001800148a8     libucrt:winapi_thunks.obj
 0002:000018d0       ??_C@_03OEIAHPBN@INF?$AA@  00000001800148d0     libucrt:cvt.obj
 0002:000018d4       ??_C@_03OJHLLCGB@inf?$AA@  00000001800148d4     libucrt:cvt.obj
 0002:000018d8       ??_C@_03LKNCIKJB@NAN?$AA@  00000001800148d8     libucrt:cvt.obj
 0002:000018dc       ??_C@_03LHCJEHON@nan?$AA@  00000001800148dc     libucrt:cvt.obj
 0002:000018e0       ??_C@_09OFJJIMPC@NAN?$CISNAN?$CJ?$AA@ 00000001800148e0     libucrt:cvt.obj
 0002:000018f0       ??_C@_09IPFBKMDL@nan?$CIsnan?$CJ?$AA@ 00000001800148f0     libucrt:cvt.obj
 0002:00001900       ??_C@_08IKHNHAJ@NAN?$CIIND?$CJ?$AA@ 0000000180014900     libucrt:cvt.obj
 0002:00001910       ??_C@_08OFCDMILK@nan?$CIind?$CJ?$AA@ 0000000180014910     libucrt:cvt.obj
 0002:0000191c       ??_C@_05KLBDPFGC@e?$CL000?$AA@ 000000018001491c     libucrt:cvt.obj
 0002:00001930       __lc_time_c                0000000180014930     libucrt:nlsdata.obj
 0002:00001bf0       ??_C@_03KOEHGMDN@Sun?$AA@  0000000180014bf0     libucrt:nlsdata.obj
 0002:00001bf4       ??_C@_03PDAGKDH@Mon?$AA@   0000000180014bf4     libucrt:nlsdata.obj
 0002:00001bf8       ??_C@_03NAGEINEP@Tue?$AA@  0000000180014bf8     libucrt:nlsdata.obj
 0002:00001bfc       ??_C@_03MHOMLAJA@Wed?$AA@  0000000180014bfc     libucrt:nlsdata.obj
 0002:00001c00       ??_C@_03IOFIKPDN@Thu?$AA@  0000000180014c00     libucrt:nlsdata.obj
 0002:00001c04       ??_C@_03IDIOELNC@Fri?$AA@  0000000180014c04     libucrt:nlsdata.obj
 0002:00001c08       ??_C@_03FEFJNEK@Sat?$AA@   0000000180014c08     libucrt:nlsdata.obj
 0002:00001c0c       ??_C@_06OOPIFAJ@Sunday?$AA@ 0000000180014c0c     libucrt:nlsdata.obj
 0002:00001c14       ??_C@_06JLEDEDGH@Monday?$AA@ 0000000180014c14     libucrt:nlsdata.obj
 0002:00001c20       ??_C@_07BAAGCFCM@Tuesday?$AA@ 0000000180014c20     libucrt:nlsdata.obj
 0002:00001c28       ??_C@_09DLIGFAKA@Wednesday?$AA@ 0000000180014c28     libucrt:nlsdata.obj
 0002:00001c38       ??_C@_08HACCIKIA@Thursday?$AA@ 0000000180014c38     libucrt:nlsdata.obj
 0002:00001c44       ??_C@_06JECMNKMI@Friday?$AA@ 0000000180014c44     libucrt:nlsdata.obj
 0002:00001c50       ??_C@_08INBOOONO@Saturday?$AA@ 0000000180014c50     libucrt:nlsdata.obj
 0002:00001c5c       ??_C@_03JIHJHPIE@Jan?$AA@  0000000180014c5c     libucrt:nlsdata.obj
 0002:00001c60       ??_C@_03HJBDCHOM@Feb?$AA@  0000000180014c60     libucrt:nlsdata.obj
 0002:00001c64       ??_C@_03ODNJBKGA@Mar?$AA@  0000000180014c64     libucrt:nlsdata.obj
 0002:00001c68       ??_C@_03LEOLGMJP@Apr?$AA@  0000000180014c68     libucrt:nlsdata.obj
 0002:00001c6c       ??_C@_03CNMDKL@May?$AA@    0000000180014c6c     libucrt:nlsdata.obj
 0002:00001c70       ??_C@_03IDFGHECI@Jun?$AA@  0000000180014c70     libucrt:nlsdata.obj
 0002:00001c74       ??_C@_03LBGABGKK@Jul?$AA@  0000000180014c74     libucrt:nlsdata.obj
 0002:00001c78       ??_C@_03IFJFEIGA@Aug?$AA@  0000000180014c78     libucrt:nlsdata.obj
 0002:00001c7c       ??_C@_03GGCAPAJC@Sep?$AA@  0000000180014c7c     libucrt:nlsdata.obj
 0002:00001c80       ??_C@_03BMAOKBAD@Oct?$AA@  0000000180014c80     libucrt:nlsdata.obj
 0002:00001c84       ??_C@_03JPJOFNIA@Nov?$AA@  0000000180014c84     libucrt:nlsdata.obj
 0002:00001c88       ??_C@_03MKABNOCG@Dec?$AA@  0000000180014c88     libucrt:nlsdata.obj
 0002:00001c90       ??_C@_07CGJPFGJA@January?$AA@ 0000000180014c90     libucrt:nlsdata.obj
 0002:00001c98       ??_C@_08GNJGEPFN@February?$AA@ 0000000180014c98     libucrt:nlsdata.obj
 0002:00001ca4       ??_C@_05HPCKOFNC@March?$AA@ 0000000180014ca4     libucrt:nlsdata.obj
 0002:00001cac       ??_C@_05DMJDNLEJ@April?$AA@ 0000000180014cac     libucrt:nlsdata.obj
 0002:00001cb4       ??_C@_04CNLMGBGM@June?$AA@ 0000000180014cb4     libucrt:nlsdata.obj
 0002:00001cbc       ??_C@_04MIEPOIFP@July?$AA@ 0000000180014cbc     libucrt:nlsdata.obj
 0002:00001cc4       ??_C@_06LBBHFDDG@August?$AA@ 0000000180014cc4     libucrt:nlsdata.obj
 0002:00001cd0       ??_C@_09BHHEALKD@September?$AA@ 0000000180014cd0     libucrt:nlsdata.obj
 0002:00001ce0       ??_C@_07JJNFCEND@October?$AA@ 0000000180014ce0     libucrt:nlsdata.obj
 0002:00001ce8       ??_C@_08HCHEGEOA@November?$AA@ 0000000180014ce8     libucrt:nlsdata.obj
 0002:00001cf8       ??_C@_08EDHMEBNP@December?$AA@ 0000000180014cf8     libucrt:nlsdata.obj
 0002:00001d04       ??_C@_02DEDBPAFC@AM?$AA@   0000000180014d04     libucrt:nlsdata.obj
 0002:00001d08       ??_C@_02CJNFDJBF@PM?$AA@   0000000180014d08     libucrt:nlsdata.obj
 0002:00001d10       ??_C@_08BPBNCDIB@MM?1dd?1yy?$AA@ 0000000180014d10     libucrt:nlsdata.obj
 0002:00001d20       ??_C@_0BE@CKGJFCPC@dddd?0?5MMMM?5dd?0?5yyyy?$AA@ 0000000180014d20     libucrt:nlsdata.obj
 0002:00001d38       ??_C@_08JCCMCCIL@HH?3mm?3ss?$AA@ 0000000180014d38     libucrt:nlsdata.obj
 0002:00001d48       ??_C@_17MBGCMIPB@?$AAS?$AAu?$AAn?$AA?$AA@ 0000000180014d48     libucrt:nlsdata.obj
 0002:00001d50       ??_C@_17KBOMKBF@?$AAM?$AAo?$AAn?$AA?$AA@ 0000000180014d50     libucrt:nlsdata.obj
 0002:00001d58       ??_C@_17BMKGEGOJ@?$AAT?$AAu?$AAe?$AA?$AA@ 0000000180014d58     libucrt:nlsdata.obj
 0002:00001d60       ??_C@_17CJEDCEPE@?$AAW?$AAe?$AAd?$AA?$AA@ 0000000180014d60     libucrt:nlsdata.obj
 0002:00001d68       ??_C@_17PDPHAADD@?$AAT?$AAh?$AAu?$AA?$AA@ 0000000180014d68     libucrt:nlsdata.obj
 0002:00001d70       ??_C@_17HFOLPPLP@?$AAF?$AAr?$AAi?$AA?$AA@ 0000000180014d70     libucrt:nlsdata.obj
 0002:00001d78       ??_C@_17GGIBDPIH@?$AAS?$AAa?$AAt?$AA?$AA@ 0000000180014d78     libucrt:nlsdata.obj
 0002:00001d80       ??_C@_1O@IHNHDHPB@?$AAS?$AAu?$AAn?$AAd?$AAa?$AAy?$AA?$AA@ 0000000180014d80     libucrt:nlsdata.obj
 0002:00001d90       ??_C@_1O@MMNBFLIA@?$AAM?$AAo?$AAn?$AAd?$AAa?$AAy?$AA?$AA@ 0000000180014d90     libucrt:nlsdata.obj
 0002:00001da0       ??_C@_1BA@ENFBFFEK@?$AAT?$AAu?$AAe?$AAs?$AAd?$AAa?$AAy?$AA?$AA@ 0000000180014da0     libucrt:nlsdata.obj
 0002:00001db0       ??_C@_1BE@EBOGMDOH@?$AAW?$AAe?$AAd?$AAn?$AAe?$AAs?$AAd?$AAa?$AAy?$AA?$AA@ 0000000180014db0     libucrt:nlsdata.obj
 0002:00001dc8       ??_C@_1BC@HHMNLIHE@?$AAT?$AAh?$AAu?$AAr?$AAs?$AAd?$AAa?$AAy?$AA?$AA@ 0000000180014dc8     libucrt:nlsdata.obj
 0002:00001de0       ??_C@_1O@PDICJHAG@?$AAF?$AAr?$AAi?$AAd?$AAa?$AAy?$AA?$AA@ 0000000180014de0     libucrt:nlsdata.obj
 0002:00001df0       ??_C@_1BC@ENMNNPAJ@?$AAS?$AAa?$AAt?$AAu?$AAr?$AAd?$AAa?$AAy?$AA?$AA@ 0000000180014df0     libucrt:nlsdata.obj
 0002:00001e08       ??_C@_17DKNBKCHM@?$AAJ?$AAa?$AAn?$AA?$AA@ 0000000180014e08     libucrt:nlsdata.obj
 0002:00001e10       ??_C@_17LMDJEKJN@?$AAF?$AAe?$AAb?$AA?$AA@ 0000000180014e10     libucrt:nlsdata.obj
 0002:00001e18       ??_C@_17CKNLEDEC@?$AAM?$AAa?$AAr?$AA?$AA@ 0000000180014e18     libucrt:nlsdata.obj
 0002:00001e20       ??_C@_17LFPOIHDD@?$AAA?$AAp?$AAr?$AA?$AA@ 0000000180014e20     libucrt:nlsdata.obj
 0002:00001e28       ??_C@_17PNNKMEED@?$AAM?$AAa?$AAy?$AA?$AA@ 0000000180014e28     libucrt:nlsdata.obj
 0002:00001e30       ??_C@_17KCJGOCPB@?$AAJ?$AAu?$AAn?$AA?$AA@ 0000000180014e30     libucrt:nlsdata.obj
 0002:00001e38       ??_C@_17IJPCKHK@?$AAJ?$AAu?$AAl?$AA?$AA@ 0000000180014e38     libucrt:nlsdata.obj
 0002:00001e40       ??_C@_17ICPELBCN@?$AAA?$AAu?$AAg?$AA?$AA@ 0000000180014e40     libucrt:nlsdata.obj
 0002:00001e48       ??_C@_17HCHCOKMG@?$AAS?$AAe?$AAp?$AA?$AA@ 0000000180014e48     libucrt:nlsdata.obj
 0002:00001e50       ??_C@_17FNLKOI@?$AAO?$AAc?$AAt?$AA?$AA@ 0000000180014e50     libucrt:nlsdata.obj
 0002:00001e58       ??_C@_17BBDMLCIG@?$AAN?$AAo?$AAv?$AA?$AA@ 0000000180014e58     libucrt:nlsdata.obj
 0002:00001e60       ??_C@_17EGKACKIF@?$AAD?$AAe?$AAc?$AA?$AA@ 0000000180014e60     libucrt:nlsdata.obj
 0002:00001e68       ??_C@_1BA@EFMEIEBA@?$AAJ?$AAa?$AAn?$AAu?$AAa?$AAr?$AAy?$AA?$AA@ 0000000180014e68     libucrt:nlsdata.obj
 0002:00001e78       ??_C@_1BC@JGDDFFAM@?$AAF?$AAe?$AAb?$AAr?$AAu?$AAa?$AAr?$AAy?$AA?$AA@ 0000000180014e78     libucrt:nlsdata.obj
 0002:00001e90       ??_C@_1M@IKEENEDF@?$AAM?$AAa?$AAr?$AAc?$AAh?$AA?$AA@ 0000000180014e90     libucrt:nlsdata.obj
 0002:00001ea0       ??_C@_1M@GJNLMHFD@?$AAA?$AAp?$AAr?$AAi?$AAl?$AA?$AA@ 0000000180014ea0     libucrt:nlsdata.obj
 0002:00001eb0       ??_C@_19EPFLPGAP@?$AAJ?$AAu?$AAn?$AAe?$AA?$AA@ 0000000180014eb0     libucrt:nlsdata.obj
 0002:00001ec0       ??_C@_19BIFMLPCD@?$AAJ?$AAu?$AAl?$AAy?$AA?$AA@ 0000000180014ec0     libucrt:nlsdata.obj
 0002:00001ed0       ??_C@_1O@PAHLKOAC@?$AAA?$AAu?$AAg?$AAu?$AAs?$AAt?$AA?$AA@ 0000000180014ed0     libucrt:nlsdata.obj
 0002:00001ee0       ??_C@_1BE@DKAAMBJL@?$AAS?$AAe?$AAp?$AAt?$AAe?$AAm?$AAb?$AAe?$AAr?$AA?$AA@ 0000000180014ee0     libucrt:nlsdata.obj
 0002:00001ef8       ??_C@_1BA@EPANDLNG@?$AAO?$AAc?$AAt?$AAo?$AAb?$AAe?$AAr?$AA?$AA@ 0000000180014ef8     libucrt:nlsdata.obj
 0002:00001f08       ??_C@_1BC@BGLIFPF@?$AAN?$AAo?$AAv?$AAe?$AAm?$AAb?$AAe?$AAr?$AA?$AA@ 0000000180014f08     libucrt:nlsdata.obj
 0002:00001f20       ??_C@_1BC@FEMKIFH@?$AAD?$AAe?$AAc?$AAe?$AAm?$AAb?$AAe?$AAr?$AA?$AA@ 0000000180014f20     libucrt:nlsdata.obj
 0002:00001f34       ??_C@_15ODEHAHHF@?$AAA?$AAM?$AA?$AA@ 0000000180014f34     libucrt:nlsdata.obj
 0002:00001f3c       ??_C@_15CLMNNGEL@?$AAP?$AAM?$AA?$AA@ 0000000180014f3c     libucrt:nlsdata.obj
 0002:00001f48       ??_C@_1BC@IEBCMHCM@?$AAM?$AAM?$AA?1?$AAd?$AAd?$AA?1?$AAy?$AAy?$AA?$AA@ 0000000180014f48     libucrt:nlsdata.obj
 0002:00001f60       ??_C@_1CI@KNAKOEBC@?$AAd?$AAd?$AAd?$AAd?$AA?0?$AA?5?$AAM?$AAM?$AAM?$AAM?$AA?5?$AAd?$AAd?$AA?0?$AA?5?$AAy?$AAy?$AAy?$AAy?$AA?$AA@ 0000000180014f60     libucrt:nlsdata.obj
 0002:00001f88       ??_C@_1BC@GDGBMEMK@?$AAH?$AAH?$AA?3?$AAm?$AAm?$AA?3?$AAs?$AAs?$AA?$AA@ 0000000180014f88     libucrt:nlsdata.obj
 0002:00001fa0       ??_C@_1M@BMHNFIME@?$AAe?$AAn?$AA?9?$AAU?$AAS?$AA?$AA@ 0000000180014fa0     libucrt:nlsdata.obj
 0002:00001fb0       __newctype                 0000000180014fb0     libucrt:ctype.obj
 0002:000022b0       __newclmap                 00000001800152b0     libucrt:ctype.obj
 0002:00002430       __newcumap                 0000000180015430     libucrt:ctype.obj
 0002:000025d0       ??_C@_1M@HPNHIDJI@?$AAj?$AAa?$AA?9?$AAJ?$AAP?$AA?$AA@ 00000001800155d0     libucrt:mbctype.obj
 0002:000025e0       ??_C@_1M@BIBDDEMK@?$AAz?$AAh?$AA?9?$AAC?$AAN?$AA?$AA@ 00000001800155e0     libucrt:mbctype.obj
 0002:000025f0       ??_C@_1M@JLOOOEGK@?$AAk?$AAo?$AA?9?$AAK?$AAR?$AA?$AA@ 00000001800155f0     libucrt:mbctype.obj
 0002:00002600       ??_C@_1M@CLNBBOPM@?$AAz?$AAh?$AA?9?$AAT?$AAW?$AA?$AA@ 0000000180015600     libucrt:mbctype.obj
 0002:00003450       ??_C@_15EMKDOKLE@?$AAa?$AAr?$AA?$AA@ 0000000180016450     libucrt:lcidtoname_downlevel.obj
 0002:00003458       ??_C@_15KNPADPLH@?$AAb?$AAg?$AA?$AA@ 0000000180016458     libucrt:lcidtoname_downlevel.obj
 0002:00003460       ??_C@_15EDMHLDMO@?$AAc?$AAa?$AA?$AA@ 0000000180016460     libucrt:lcidtoname_downlevel.obj
 0002:00003468       ??_C@_1O@BPEAJADD@?$AAz?$AAh?$AA?9?$AAC?$AAH?$AAS?$AA?$AA@ 0000000180016468     libucrt:lcidtoname_downlevel.obj
 0002:00003478       ??_C@_15LJNHCMNK@?$AAc?$AAs?$AA?$AA@ 0000000180016478     libucrt:lcidtoname_downlevel.obj
 0002:00003480       ??_C@_15FOMCIDHG@?$AAd?$AAa?$AA?$AA@ 0000000180016480     libucrt:lcidtoname_downlevel.obj
 0002:00003488       ??_C@_15NBKABECB@?$AAd?$AAe?$AA?$AA@ 0000000180016488     libucrt:lcidtoname_downlevel.obj
 0002:00003490       ??_C@_15GHPEIIAO@?$AAe?$AAl?$AA?$AA@ 0000000180016490     libucrt:lcidtoname_downlevel.obj
 0002:00003498       ??_C@_15MNPNEAIF@?$AAe?$AAn?$AA?$AA@ 0000000180016498     libucrt:lcidtoname_downlevel.obj
 0002:000034a0       ??_C@_15GPIOMPMH@?$AAe?$AAs?$AA?$AA@ 00000001800164a0     libucrt:lcidtoname_downlevel.obj
 0002:000034a8       ??_C@_15NGLOAKJC@?$AAf?$AAi?$AA?$AA@ 00000001800164a8     libucrt:lcidtoname_downlevel.obj
 0002:000034b0       ??_C@_15FBKGNKAM@?$AAf?$AAr?$AA?$AA@ 00000001800164b0     libucrt:lcidtoname_downlevel.obj
 0002:000034b8       ??_C@_15KGGCNEFK@?$AAh?$AAe?$AA?$AA@ 00000001800164b8     libucrt:lcidtoname_downlevel.obj
 0002:000034c0       ??_C@_15PGHLIDMF@?$AAh?$AAu?$AA?$AA@ 00000001800164c0     libucrt:lcidtoname_downlevel.obj
 0002:000034c8       ??_C@_15BIEMAPLM@?$AAi?$AAs?$AA?$AA@ 00000001800164c8     libucrt:lcidtoname_downlevel.obj
 0002:000034d0       ??_C@_15IFJLDHAF@?$AAi?$AAt?$AA?$AA@ 00000001800164d0     libucrt:lcidtoname_downlevel.obj
 0002:000034d8       ??_C@_15GEMIOCAG@?$AAj?$AAa?$AA?$AA@ 00000001800164d8     libucrt:lcidtoname_downlevel.obj
 0002:000034e0       ??_C@_15EPELEGJA@?$AAk?$AAo?$AA?$AA@ 00000001800164e0     libucrt:lcidtoname_downlevel.obj
 0002:000034e8       ??_C@_15NDDHIMN@?$AAn?$AAl?$AA?$AA@ 00000001800164e8     libucrt:lcidtoname_downlevel.obj
 0002:000034f0       ??_C@_15BPIGNHCD@?$AAn?$AAo?$AA?$AA@ 00000001800164f0     libucrt:lcidtoname_downlevel.obj
 0002:000034f8       ??_C@_15DEOPBLCG@?$AAp?$AAl?$AA?$AA@ 00000001800164f8     libucrt:lcidtoname_downlevel.obj
 0002:00003500       ??_C@_15KBECGEFG@?$AAp?$AAt?$AA?$AA@ 0000000180016500     libucrt:lcidtoname_downlevel.obj
 0002:00003508       ??_C@_15GLJCBFMD@?$AAr?$AAo?$AA?$AA@ 0000000180016508     libucrt:lcidtoname_downlevel.obj
[...]
 0004:00000a50       $pdata$__acrt_update_thread_multibyte_data 000000018001fa50     libucrt:mbctype.obj
 0004:00000a5c       $pdata$_setmbcp_nolock     000000018001fa5c     libucrt:mbctype.obj
 0004:00000a68       $pdata$?x_ismbbtype_l@@YAHPEAU__crt_locale_pointers@@IHH@Z 000000018001fa68     libucrt:ismbbyte.obj
 0004:00000a74       $pdata$__acrt_initialize_command_line 000000018001fa74     libucrt:argv_data.obj
 0004:00000a80       $pdata$__acrt_WideCharToMultiByte 000000018001fa80     libucrt:widechartomultibyte.obj
 0004:00000a8c       $pdata$__dcrt_get_narrow_environment_from_os 000000018001fa8c     libucrt:get_environment_from_os.obj
 0004:00000a98       $pdata$_recalloc_base      000000018001fa98     libucrt:recalloc.obj
 0004:00000aa4       $pdata$__acrt_initialize_heap 000000018001faa4     libucrt:heap_handle.obj
 0004:00000ab0       $pdata$__acrt_execute_initializers 000000018001fab0     libucrt:shared_initialization.obj
 0004:00000abc       $pdata$__acrt_execute_uninitializers 000000018001fabc     libucrt:shared_initialization.obj
 0004:00000ac8       $pdata$_callnewh           000000018001fac8     libucrt:new_handler.obj
 0004:00000ad4       $pdata$_query_new_handler  000000018001fad4     libucrt:new_handler.obj
 0004:00000ae0       $pdata$??$?RV<lambda_450d765d439847d4c735a33c368b5fc0>@@AEAV<lambda_44731a7d0e6d81c3e6aa82d741081786>@@V<lambda_601a2a7da3b7a96e9554ac7215c4b07c>@@@?$__crt_seh_guarded_call@P6AXH@Z@@QEAAP6AXH@Z$$QEAV<lambda_450d765d439847d4c735a33c368b5fc0>@@AEAV<lambda_44731a7d0e6d81c3e6aa82d741081786>@@$$QEAV<lambda_601a2a7da3b7a96e9554ac7215c4b07c>@@@Z 000000018001fae0     libucrt:signal.obj
 0004:00000aec       $pdata$__acrt_get_sigabrt_handler 000000018001faec     libucrt:signal.obj
 0004:00000af8       $pdata$raise               000000018001faf8     libucrt:signal.obj
 0004:00000b04       $pdata$?GetTableIndexFromLocaleName@@YAHPEB_W@Z 000000018001fb04     libucrt:lcidtoname_downlevel.obj
 0004:00000b10       $pdata$__acrt_DownlevelLocaleNameToLCID 000000018001fb10     libucrt:lcidtoname_downlevel.obj
 0004:00000b1c       $pdata$_fclose_nolock      000000018001fb1c     libucrt:fclose.obj
 0004:00000b28       $pdata$fclose              000000018001fb28     libucrt:fclose.obj
 0004:00000b34       $pdata$??$?RV<lambda_a37b2b86f63e897a80ea819b0eb08c01>@@AEAV<lambda_38ce7e780aa69e748d6df282ebc68efe>@@V<lambda_99fb1378e971ab6e7edea83e3a7a83a2>@@@?$__crt_seh_guarded_call@H@@QEAAH$$QEAV<lambda_a37b2b86f63e897a80ea819b0eb08c01>@@AEAV<lambda_38ce7e780aa69e748d6df282ebc68efe>@@$$QEAV<lambda_99fb1378e971ab6e7edea83e3a7a83a2>@@@Z 000000018001fb34     libucrt:commit.obj
 0004:00000b40       $pdata$_commit             000000018001fb40     libucrt:commit.obj
 0004:00000b4c       $pdata$?write_double_translated_ansi_nolock@@YA?AUwrite_result@?A0x17268360@@HQEBDI@Z 000000018001fb4c     libucrt:write.obj
 0004:00000b58       $pdata$?write_text_ansi_nolock@@YA?AUwrite_result@?A0x17268360@@HQEBDI@Z 000000018001fb58     libucrt:write.obj
 0004:00000b64       $pdata$?write_text_utf16le_nolock@@YA?AUwrite_result@?A0x17268360@@HQEBDI@Z 000000018001fb64     libucrt:write.obj
 0004:00000b70       $pdata$?write_text_utf8_nolock@@YA?AUwrite_result@?A0x17268360@@HQEBDI@Z 000000018001fb70     libucrt:write.obj
 0004:00000b7c       $pdata$_write              000000018001fb7c     libucrt:write.obj
 0004:00000b88       $pdata$_write_nolock       000000018001fb88     libucrt:write.obj
 0004:00000b94       $pdata$__acrt_lowio_create_handle_array 000000018001fb94     libucrt:osfinfo.obj
 0004:00000ba0       $pdata$__acrt_lowio_destroy_handle_array 000000018001fba0     libucrt:osfinfo.obj
 0004:00000bac       $pdata$__acrt_lowio_ensure_fh_exists 000000018001fbac     libucrt:osfinfo.obj
 0004:00000bb8       $pdata$_free_osfhnd        000000018001fbb8     libucrt:osfinfo.obj
 0004:00000bc4       $pdata$_get_osfhandle      000000018001fbc4     libucrt:osfinfo.obj
 0004:00000bd0       $pdata$_isleadbyte_l       000000018001fbd0     libucrt:_wctype.obj
 0004:00000bdc       $pdata$?__acrt_LCMapStringA_stat@@YAHPEAU__crt_locale_pointers@@PEB_WKPEBDHPEADHHH@Z 000000018001fbdc     libucrt:lcmapstringa.obj
 0004:00000be8       $pdata$__acrt_LCMapStringA 000000018001fbe8     libucrt:lcmapstringa.obj
 0004:00000bf4       $pdata$?__mbrtowc_utf8@__crt_mbstring@@YA_KPEA_WPEBD_KPEAU_Mbstatet@@@Z 000000018001fbf4     libucrt:mbrtowc.obj
 0004:00000c00       $pdata$?__mbsrtowcs_utf8@__crt_mbstring@@YA_KPEA_WPEAPEBD_KPEAU_Mbstatet@@@Z 000000018001fc00     libucrt:mbrtowc.obj
 0004:00000c0c       $pdata$?__c32rtomb_utf8@__crt_mbstring@@YA_KPEAD_UPEAU_Mbstatet@@@Z 000000018001fc0c     libucrt:c32rtomb.obj
 0004:00000c18       $pdata$__acrt_free_locale  000000018001fc18     libucrt:locale_refcounting.obj
 0004:00000c24       $pdata$__acrt_locale_free_lc_time_if_unreferenced 000000018001fc24     libucrt:locale_refcounting.obj
 0004:00000c30       $pdata$__acrt_release_locale_ref 000000018001fc30     libucrt:locale_refcounting.obj
 0004:00000c3c       $pdata$__acrt_update_thread_locale_data 000000018001fc3c     libucrt:locale_refcounting.obj
 0004:00000c48       $pdata$_updatetlocinfoEx_nolock 000000018001fc48     libucrt:locale_refcounting.obj
 0004:00000c54       $pdata$__acrt_fp_strflt_to_string 000000018001fc54     libucrt:_fptostr.obj
 0004:00000c60       $pdata$?divide@__crt_strtox@@YA_KAEAUbig_integer@1@AEBU21@@Z 000000018001fc60     libucrt:cfout.obj
 0004:00000c6c       $pdata$0$?divide@__crt_strtox@@YA_KAEAUbig_integer@1@AEBU21@@Z 000000018001fc6c     libucrt:cfout.obj
 0004:00000c78       $pdata$1$?divide@__crt_strtox@@YA_KAEAUbig_integer@1@AEBU21@@Z 000000018001fc78     libucrt:cfout.obj
 0004:00000c84       $pdata$__acrt_fltout       000000018001fc84     libucrt:cfout.obj
 0004:00000c90       $pdata$memcpy_s            000000018001fc90     libucrt:cfout.obj
 0004:00000c9c       $pdata$??$write_buffer_nolock@D@@YA_NDV__crt_stdio_stream@@@Z 000000018001fc9c     libucrt:_flsbuf.obj
 0004:00000ca8       $pdata$?stream_is_at_end_of_file_nolock@@YA_NV__crt_stdio_stream@@@Z 000000018001fca8     libucrt:_flsbuf.obj
 0004:00000cb4       $pdata$__acrt_stdio_flush_and_write_narrow_nolock 000000018001fcb4     libucrt:_flsbuf.obj
 0004:00000cc0       $pdata$_isatty             000000018001fcc0     libucrt:isatty.obj
 0004:00000ccc       $pdata$__acrt_locale_free_monetary 000000018001fccc     libucrt:initmon.obj
 0004:00000cd8       $pdata$__acrt_locale_free_numeric 000000018001fcd8     libucrt:initnum.obj
 0004:00000ce4       $pdata$?free_crt_array_internal@@YAXQEAPEBX_K@Z 000000018001fce4     libucrt:inittime.obj
 0004:00000cf0       $pdata$__acrt_locale_free_time 000000018001fcf0     libucrt:inittime.obj
 0004:00000cfc       $pdata$__acrt_GetStringTypeA 000000018001fcfc     libucrt:getstringtypea.obj
 0004:00000d08       $pdata$qsort               000000018001fd08     libucrt:qsort.obj
 0004:00000d14       $pdata$4$qsort             000000018001fd14     libucrt:qsort.obj
 0004:00000d20       $pdata$5$qsort             000000018001fd20     libucrt:qsort.obj
 0004:00000d2c       $pdata$strncpy_s           000000018001fd2c     libucrt:strncpy_s.obj
 0004:00000d38       $pdata$fallbackMethod      000000018001fd38     libucrt:strpbrk.obj
 0004:00000d44       $pdata$strpbrk             000000018001fd44     libucrt:strpbrk.obj
 0004:00000d50       $pdata$_mbsdec_l           000000018001fd50     libucrt:mbsdec.obj
 0004:00000d5c       $pdata$?initialize_multibyte@@YAHXZ 000000018001fd5c     libucrt:multibyte_initializer.obj
 0004:00000d68       $pdata$_msize_base         000000018001fd68     libucrt:msize.obj
 0004:00000d74       $pdata$_realloc_base       000000018001fd74     libucrt:realloc_base.obj
 0004:00000d80       $pdata$??$?RV<lambda_751a882b2c74d4b022dec766aa51a29a>@@AEAV<lambda_628dfdc04ba53c8bfc02c9951375f3f5>@@V<lambda_f6c7be5f7998530c34de24c7437d6b54>@@@?$__crt_seh_guarded_call@H@@QEAAH$$QEAV<lambda_751a882b2c74d4b022dec766aa51a29a>@@AEAV<lambda_628dfdc04ba53c8bfc02c9951375f3f5>@@$$QEAV<lambda_f6c7be5f7998530c34de24c7437d6b54>@@@Z 000000018001fd80     libucrt:close.obj
 0004:00000d8c       $pdata$_close              000000018001fd8c     libucrt:close.obj
 0004:00000d98       $pdata$_close_nolock       000000018001fd98     libucrt:close.obj
 0004:00000da4       $pdata$??$common_lseek@_J@@YA_JH_JH@Z 000000018001fda4     libucrt:lseek.obj
 0004:00000db0       $pdata$??$common_lseek_nolock@_J@@YA_JH_JH@Z 000000018001fdb0     libucrt:lseek.obj
 0004:00000dbc       $pdata$_putwch_nolock      000000018001fdbc     libucrt:putwch.obj
 0004:00000dc8       $pdata$?__mbrtoc32_utf8@__crt_mbstring@@YA_KPEA_UPEBD_KPEAU_Mbstatet@@@Z 000000018001fdc8     libucrt:mbrtoc32.obj
 0004:00000dd4       $pdata$fegetenv            000000018001fdd4     libucrt:fegetenv.obj
 0004:00000de0       $pdata$fesetenv            000000018001fde0     libucrt:fesetenv.obj
 0004:00000dec       $pdata$feholdexcept        000000018001fdec     libucrt:feholdexcept.obj
 0004:00000e04       $pdata$__acrt_stdio_allocate_buffer_nolock 000000018001fe04     libucrt:_getbuf.obj
 0004:00000e10       $pdata$__dcrt_lowio_ensure_console_output_initialized 000000018001fe10     libucrt:initcon.obj
 0004:00000e1c       $pdata$__dcrt_terminate_console_output 000000018001fe1c     libucrt:initcon.obj
 0004:00000e28       $pdata$__dcrt_write_console 000000018001fe28     libucrt:initcon.obj
 0004:00000e34       $pdata$__acrt_fenv_set_control 000000018001fe34     libucrt:_fenvutils.obj
 0004:00000e40       $pdata$_clearfp            000000018001fe40     libucrt:ieee.obj
 0004:00000e4c       $pdata$_call_matherr       000000018001fe4c     libucrt:libm_error.obj
 0004:00000e58       $pdata$_exception_enabled  000000018001fe58     libucrt:libm_error.obj
 0004:00000e64       $pdata$_handle_error       000000018001fe64     libucrt:libm_error.obj
 0004:00000e70       $pdata$__acrt_initialize_fma3 000000018001fe70     libucrt:fma3_available.obj
 0004:00000e7c       $pdata$_log10_special      000000018001fe7c     libucrt:log_special.obj
 0004:00000e88       $pdata$_log_special_common 000000018001fe88     libucrt:log_special.obj
 0004:00000ea0       $pdata$_raise_exc          000000018001fea0     libucrt:fpexcept.obj
 0004:00000eac       $pdata$_raise_exc_ex       000000018001feac     libucrt:fpexcept.obj
 0004:00000eb8       $pdata$_set_errno_from_matherr 000000018001feb8     libucrt:fpexcept.obj
 0004:00000ec4       $pdata$_clrfp              000000018001fec4     libucrt:fpctrl.obj
 0004:00000ed0       $pdata$_ctrlfp             000000018001fed0     libucrt:fpctrl.obj
 0004:00000edc       $pdata$_set_statfp         000000018001fedc     libucrt:fpctrl.obj
 0004:00000ee8       $pdata$_statfp             000000018001fee8     libucrt:fpctrl.obj
 0004:00000ef4       $pdata$?DloadAcquireSectionWriteAccess@@YAXXZ 000000018001fef4     DelayImp:delayhlp.obj
 0004:00000f00       $pdata$?DloadGetSRWLockFunctionPointers@@YAEXZ 000000018001ff00     DelayImp:delayhlp.obj
 0004:00000f0c       $pdata$?DloadMakePermanentImageCommit@@YAXPEAX_K@Z 000000018001ff0c     DelayImp:delayhlp.obj
 0004:00000f18       $pdata$?DloadObtainSection@@YAPEAXPEAK0@Z 000000018001ff18     DelayImp:delayhlp.obj
 0004:00000f24       $pdata$?DloadProtectSection@@YAXKPEAK@Z 000000018001ff24     DelayImp:delayhlp.obj
 0004:00000f30       $pdata$?DloadReleaseSectionWriteAccess@@YAXXZ 000000018001ff30     DelayImp:delayhlp.obj
 0004:00000f3c       $pdata$__delayLoadHelper2  000000018001ff3c     DelayImp:delayhlp.obj
 0004:00000f48       $pdata$_IsNonwritableInCurrentImage 000000018001ff48     LIBCMT:pesect.obj
 0004:00000f54       $pdata$__GSHandlerCheck    000000018001ff54     LIBCMT:gshandler.obj
 0004:00000f60       $pdata$__GSHandlerCheckCommon 000000018001ff60     LIBCMT:gshandler.obj
 0004:00000f78       $pdata$strrchr             000000018001ff78     libvcruntime:strrchr.obj
 0004:00000f9c       $pdata$?fin$0@?0??dllmain_crt_process_attach@@YAHQEAUHINSTANCE__@@QEAX@Z@4HA 000000018001ff9c     LIBCMT:dll_dllmain.obj
 0004:00000fa8       $pdata$?fin$0@?0??dllmain_crt_process_detach@@YAH_N@Z@4HA 000000018001ffa8     LIBCMT:dll_dllmain.obj
 0004:00000fb4       $pdata$?filt$0@?0??dllmain_dispatch@@YAHQEAUHINSTANCE__@@KQEAX@Z@4HA 000000018001ffb4     LIBCMT:dll_dllmain.obj
 0004:00000fc0       $pdata$__scrt_is_nonwritable_in_current_image$filt$0 000000018001ffc0     LIBCMT:utility.obj
 0004:00000fcc       $pdata$__DestructExceptionObject$filt$0 000000018001ffcc     libvcruntime:ehhelpers.obj
 0004:00000fd8       $pdata$?fin$0@?0???$?RV<lambda_7777bce6b2f8c936911f934f8298dc43>@@AEAV<lambda_f03950bc5685219e0bcd2087efbe011e>@@V<lambda_3883c3dff614d5e0c5f61bb1ac94921c>@@@?$__crt_seh_guarded_call@H@@QEAAH$$QEAV<lambda_7777bce6b2f8c936911f934f8298dc43>@@AEAV<lambda_f03950bc5685219e0bcd2087efbe011e>@@$$QEAV<lambda_3883c3dff614d5e0c5f61bb1ac94921c>@@@Z@4HA 000000018001ffd8     libucrt:onexit.obj
 0004:00000fd8       $pdata$?fin$0@?0???$?RV<lambda_450d765d439847d4c735a33c368b5fc0>@@AEAV<lambda_44731a7d0e6d81c3e6aa82d741081786>@@V<lambda_601a2a7da3b7a96e9554ac7215c4b07c>@@@?$__crt_seh_guarded_call@P6AXH@Z@@QEAAP6AXH@Z$$QEAV<lambda_450d765d439847d4c735a33c368b5fc0>@@AEAV<lambda_44731a7d0e6d81c3e6aa82d741081786>@@$$QEAV<lambda_601a2a7da3b7a96e9554ac7215c4b07c>@@@Z@4HA 000000018001ffd8     libucrt:signal.obj
 0004:00000fd8       $pdata$?fin$0@?0???$?RV<lambda_d80eeec6fff315bfe5c115232f3240e3>@@AEAV<lambda_6e4b09c48022b2350581041d5f6b0c4c>@@V<lambda_2358e3775559c9db80273638284d5e45>@@@?$__crt_seh_guarded_call@X@@QEAAX$$QEAV<lambda_d80eeec6fff315bfe5c115232f3240e3>@@AEAV<lambda_6e4b09c48022b2350581041d5f6b0c4c>@@$$QEAV<lambda_2358e3775559c9db80273638284d5e45>@@@Z@4HA 000000018001ffd8     libucrt:exit.obj
 0004:00000fd8       $pdata$?fin$0@?0???$?RV<lambda_efdfa57d1f175319df784efa44bb7b81>@@AEAV<lambda_5f0a4c1567f8adc6734073e5d1e1b35c>@@V<lambda_2e8a7d3640ea6ccb4c2413664c2db6fd>@@@?$__crt_seh_guarded_call@X@@QEAAX$$QEAV<lambda_efdfa57d1f175319df784efa44bb7b81>@@AEAV<lambda_5f0a4c1567f8adc6734073e5d1e1b35c>@@$$QEAV<lambda_2e8a7d3640ea6ccb4c2413664c2db6fd>@@@Z@4HA 000000018001ffd8     libucrt:mbctype.obj
 0004:00000fd8       $pdata$?fin$0@?0???$?RV<lambda_f2e299630e499de9f9a165e60fcd3db5>@@AEAV<lambda_2ae9d31cdba2644fcbeaf08da7c24588>@@V<lambda_40d01ff24d0e7b3814fdbdcee8eab3c7>@@@?$__crt_seh_guarded_call@X@@QEAAX$$QEAV<lambda_f2e299630e499de9f9a165e60fcd3db5>@@AEAV<lambda_2ae9d31cdba2644fcbeaf08da7c24588>@@$$QEAV<lambda_40d01ff24d0e7b3814fdbdcee8eab3c7>@@@Z@4HA 000000018001ffd8     libucrt:per_thread_data.obj
 0004:00000fd8       $pdata$?fin$0@?0???$?RV<lambda_aa87e3671a710a21b5dc78c0bdf72e11>@@AEAV<lambda_92619d2358a28f41a33ba319515a20b9>@@V<lambda_6992ecaafeb10aed2b74cb1fae11a551>@@@?$__crt_seh_guarded_call@X@@QEAAX$$QEAV<lambda_aa87e3671a710a21b5dc78c0bdf72e11>@@AEAV<lambda_92619d2358a28f41a33ba319515a20b9>@@$$QEAV<lambda_6992ecaafeb10aed2b74cb1fae11a551>@@@Z@4HA 000000018001ffd8     libucrt:per_thread_data.obj
 0004:00000fd8       $pdata$?fin$0@?0???$?RV<lambda_0ae27a3a962d80f24befdcbee591983d>@@AEAV<lambda_8d0ee55de4b1038c4002e0adecdf1839>@@V<lambda_dc504788e8f1664fe9b84e20bfb512f2>@@@?$__crt_seh_guarded_call@X@@QEAAX$$QEAV<lambda_0ae27a3a962d80f24befdcbee591983d>@@AEAV<lambda_8d0ee55de4b1038c4002e0adecdf1839>@@$$QEAV<lambda_dc504788e8f1664fe9b84e20bfb512f2>@@@Z@4HA 000000018001ffd8     libucrt:per_thread_data.obj
 0004:00000fd8       $pdata$?fin$0@?0???$?RV<lambda_2d41944a1d46af3157314b8a01080d33>@@AEAV<lambda_8f455de75cd7d7f24b4096f044d8b9e6>@@V<lambda_aa500f224e6afead328df44964fe2772>@@@?$__crt_seh_guarded_call@X@@QEAAX$$QEAV<lambda_2d41944a1d46af3157314b8a01080d33>@@AEAV<lambda_8f455de75cd7d7f24b4096f044d8b9e6>@@$$QEAV<lambda_aa500f224e6afead328df44964fe2772>@@@Z@4HA 000000018001ffd8     libucrt:per_thread_data.obj
 0004:00000fe4       $pdata$?filt$0@?0???R<lambda_6e4b09c48022b2350581041d5f6b0c4c>@@QEBA@XZ@4HA 000000018001ffe4     libucrt:exit.obj
 0004:00000ff0       $pdata$?fin$0@?0???$?RV<lambda_842d9ff0dc9ef11c61343bbaebe7f885>@@AEAV<lambda_c5860995281e5c4ce005b3de8f5874ee>@@V<lambda_d90129c13df834fdcbf8d2b88dafcf2d>@@@?$__crt_seh_guarded_call@X@@QEAAX$$QEAV<lambda_842d9ff0dc9ef11c61343bbaebe7f885>@@AEAV<lambda_c5860995281e5c4ce005b3de8f5874ee>@@$$QEAV<lambda_d90129c13df834fdcbf8d2b88dafcf2d>@@@Z@4HA 000000018001fff0     libucrt:fflush.obj
 0004:00000ff0       $pdata$?fin$0@?0???$?RV<lambda_a62c933ada0517137acf5807a1eeac1f>@@AEAV<lambda_a31071773b9a94e445cbd5d04ef99106>@@V<lambda_56065050dbf3ada7e59a83db45153de3>@@@?$__crt_seh_guarded_call@H@@QEAAH$$QEAV<lambda_a62c933ada0517137acf5807a1eeac1f>@@AEAV<lambda_a31071773b9a94e445cbd5d04ef99106>@@$$QEAV<lambda_56065050dbf3ada7e59a83db45153de3>@@@Z@4HA 000000018001fff0     libucrt:output.obj
 0004:00000ffc       $pdata$_fcloseall$fin$0    000000018001fffc     libucrt:closeall.obj
 0004:00001008       $pdata$?fin$0@?0???$?RV<lambda_886d6c58226a84441f68b9f2b8217b83>@@AEAV<lambda_ab61a845afdef5b7c387490eaf3616ee>@@V<lambda_f7f22ab5edc0698d5f6905b0d3f44752>@@@?$__crt_seh_guarded_call@X@@QEAAX$$QEAV<lambda_886d6c58226a84441f68b9f2b8217b83>@@AEAV<lambda_ab61a845afdef5b7c387490eaf3616ee>@@$$QEAV<lambda_f7f22ab5edc0698d5f6905b0d3f44752>@@@Z@4HA 0000000180020008     libucrt:fflush.obj
 0004:00001014       $pdata$__acrt_lowio_ensure_fh_exists$fin$0 0000000180020014     libucrt:osfinfo.obj
 0004:00001014       $pdata$__acrt_initialize_lowio$fin$0 0000000180020014     libucrt:ioinit.obj
 0004:00001020       $pdata$?fin$0@?0???$?RV<lambda_410d79af7f07d98d83a3f525b3859a53>@@AEAV<lambda_3e16ef9562a7dcce91392c22ab16ea36>@@V<lambda_38119f0e861e05405d8a144b9b982f0a>@@@?$__crt_seh_guarded_call@X@@QEAAX$$QEAV<lambda_410d79af7f07d98d83a3f525b3859a53>@@AEAV<lambda_3e16ef9562a7dcce91392c22ab16ea36>@@$$QEAV<lambda_38119f0e861e05405d8a144b9b982f0a>@@@Z@4HA 0000000180020020     libucrt:wsetlocale.obj
 0004:0000102c       $pdata$?fin$0@?0??update_thread_multibyte_data_internal@@YAPEAU__crt_multibyte_data@@QEAU__acrt_ptd@@QEAPEAU1@@Z@4HA 000000018002002c     libucrt:mbctype.obj
 0004:00001038       $pdata$_query_new_handler$fin$0 0000000180020038     libucrt:new_handler.obj
 0004:00001044       $pdata$raise$fin$0         0000000180020044     libucrt:signal.obj
 0004:00001050       $pdata$fclose$fin$0        0000000180020050     libucrt:fclose.obj
 0004:0000105c       $pdata$?fin$0@?0???$?RV<lambda_751a882b2c74d4b022dec766aa51a29a>@@AEAV<lambda_628dfdc04ba53c8bfc02c9951375f3f5>@@V<lambda_f6c7be5f7998530c34de24c7437d6b54>@@@?$__crt_seh_guarded_call@H@@QEAAH$$QEAV<lambda_751a882b2c74d4b022dec766aa51a29a>@@AEAV<lambda_628dfdc04ba53c8bfc02c9951375f3f5>@@$$QEAV<lambda_f6c7be5f7998530c34de24c7437d6b54>@@@Z@4HA 000000018002005c     libucrt:close.obj
 0004:0000105c       $pdata$?fin$0@?0???$?RV<lambda_a37b2b86f63e897a80ea819b0eb08c01>@@AEAV<lambda_38ce7e780aa69e748d6df282ebc68efe>@@V<lambda_99fb1378e971ab6e7edea83e3a7a83a2>@@@?$__crt_seh_guarded_call@H@@QEAAH$$QEAV<lambda_a37b2b86f63e897a80ea819b0eb08c01>@@AEAV<lambda_38ce7e780aa69e748d6df282ebc68efe>@@$$QEAV<lambda_99fb1378e971ab6e7edea83e3a7a83a2>@@@Z@4HA 000000018002005c     libucrt:commit.obj
 0004:00001068       $pdata$?fin$0@?0???$common_lseek@_J@@YA_JH_JH@Z@4HA 0000000180020068     libucrt:lseek.obj
 0004:00001068       $pdata$_write$fin$0        0000000180020068     libucrt:write.obj
 0004:00001074       $pdata$__acrt_update_thread_locale_data$fin$0 0000000180020074     libucrt:locale_refcounting.obj
 0004:00001080       $pdata$_ctrlfp$filt$0      0000000180020080     libucrt:fpctrl.obj
 0004:0000108c       $pdata$_IsNonwritableInCurrentImage$filt$0 000000018002008c     LIBCMT:pesect.obj
 0005:00000060       $R000000                   0000000180021060     * linker generated manifest res *

 Exports

  ordinal    name

        1    _register_main_
